Archive member included to satisfy reference by file (symbol)

/usr/lib/gcc/arm-none-eabi/4.9.3/libgcc.a(_udivsi3.o)
                              /home/tony/src/github/FreeRTOS9-Rpi2B-WeatherServer/build/Drivers/lan9514/lib/dwhcixferstagedata.o (__aeabi_uidiv)
/usr/lib/gcc/arm-none-eabi/4.9.3/libgcc.a(_dvmd_tls.o)
                              /usr/lib/gcc/arm-none-eabi/4.9.3/libgcc.a(_udivsi3.o) (__aeabi_idiv0)
/usr/lib/arm-none-eabi/lib/libc.a(lib_a-memcpy.o)
                              /home/tony/src/github/FreeRTOS9-Rpi2B-WeatherServer/build/FreeRTOS/Source/queue.o (memcpy)

Allocating common symbols
Common symbol       size              file

tque                0x4               /home/tony/src/github/FreeRTOS9-Rpi2B-WeatherServer/build/Demo/main.o
xBoundTCPSocketsList
                    0x14              /home/tony/src/github/FreeRTOS9-Rpi2B-WeatherServer/build/Drivers/FreeRTOS-Plus-TCP/FreeRTOS_Sockets.o
SCREEN_WIDTH        0x4               /home/tony/src/github/FreeRTOS9-Rpi2B-WeatherServer/build/Drivers/video.o
s_bWereEnabled      0x1               /home/tony/src/github/FreeRTOS9-Rpi2B-WeatherServer/build/FreeRTOS/Source/portable/GCC/RaspberryPi/portisr.o
SCREEN_HEIGHT       0x4               /home/tony/src/github/FreeRTOS9-Rpi2B-WeatherServer/build/Drivers/video.o
framebuffer         0x4               /home/tony/src/github/FreeRTOS9-Rpi2B-WeatherServer/build/Drivers/video.o
xBoundUDPSocketsList
                    0x14              /home/tony/src/github/FreeRTOS9-Rpi2B-WeatherServer/build/Drivers/FreeRTOS-Plus-TCP/FreeRTOS_Sockets.o
mailbuffer          0x58              /home/tony/src/github/FreeRTOS9-Rpi2B-WeatherServer/build/Drivers/video.o

Memory Configuration

Name             Origin             Length             Attributes
RESERVED         0x0000000000000000 0x0000000000008000 r
INIT_RAM         0x0000000000008000 0x0000000000008000 xrw
RAM              0x0000000000010000 0x0000000008000000 xrw
*default*        0x0000000000000000 0xffffffffffffffff

Linker script and memory map

LOAD /home/tony/src/github/FreeRTOS9-Rpi2B-WeatherServer/build/FreeRTOS/Source/portable/GCC/RaspberryPi/port.o
LOAD /home/tony/src/github/FreeRTOS9-Rpi2B-WeatherServer/build/FreeRTOS/Source/portable/GCC/RaspberryPi/portisr.o
LOAD /home/tony/src/github/FreeRTOS9-Rpi2B-WeatherServer/build/FreeRTOS/Source/croutine.o
LOAD /home/tony/src/github/FreeRTOS9-Rpi2B-WeatherServer/build/FreeRTOS/Source/list.o
LOAD /home/tony/src/github/FreeRTOS9-Rpi2B-WeatherServer/build/FreeRTOS/Source/queue.o
LOAD /home/tony/src/github/FreeRTOS9-Rpi2B-WeatherServer/build/FreeRTOS/Source/tasks.o
LOAD /home/tony/src/github/FreeRTOS9-Rpi2B-WeatherServer/build/FreeRTOS/Source/event_groups.o
LOAD /home/tony/src/github/FreeRTOS9-Rpi2B-WeatherServer/build/Drivers/interrupts.o
LOAD /home/tony/src/github/FreeRTOS9-Rpi2B-WeatherServer/build/Drivers/gpio.o
LOAD /home/tony/src/github/FreeRTOS9-Rpi2B-WeatherServer/build/FreeRTOS/Source/portable/MemMang/heap_4.o
LOAD /home/tony/src/github/FreeRTOS9-Rpi2B-WeatherServer/build/Demo/startup.o
LOAD /home/tony/src/github/FreeRTOS9-Rpi2B-WeatherServer/build/Demo/main.o
LOAD /home/tony/src/github/FreeRTOS9-Rpi2B-WeatherServer/build/Demo/cpuinfo.o
LOAD /home/tony/src/github/FreeRTOS9-Rpi2B-WeatherServer/build/Demo/onewire.o
LOAD /home/tony/src/github/FreeRTOS9-Rpi2B-WeatherServer/build/Demo/ds18b20.o
LOAD /home/tony/src/github/FreeRTOS9-Rpi2B-WeatherServer/build/Drivers/mailbox.o
LOAD /home/tony/src/github/FreeRTOS9-Rpi2B-WeatherServer/build/Demo/trace.o
LOAD /home/tony/src/github/FreeRTOS9-Rpi2B-WeatherServer/build/Drivers/mem.o
LOAD /home/tony/src/github/FreeRTOS9-Rpi2B-WeatherServer/build/Drivers/video.o
LOAD /home/tony/src/github/FreeRTOS9-Rpi2B-WeatherServer/build/Drivers/lan9514/uspibind.o
LOAD /home/tony/src/github/FreeRTOS9-Rpi2B-WeatherServer/build/Drivers/lan9514/lib/uspilibrary.o
LOAD /home/tony/src/github/FreeRTOS9-Rpi2B-WeatherServer/build/Drivers/lan9514/lib/dwhcidevice.o
LOAD /home/tony/src/github/FreeRTOS9-Rpi2B-WeatherServer/build/Drivers/lan9514/lib/dwhciregister.o
LOAD /home/tony/src/github/FreeRTOS9-Rpi2B-WeatherServer/build/Drivers/lan9514/lib/dwhcixferstagedata.o
LOAD /home/tony/src/github/FreeRTOS9-Rpi2B-WeatherServer/build/Drivers/lan9514/lib/usbconfigparser.o
LOAD /home/tony/src/github/FreeRTOS9-Rpi2B-WeatherServer/build/Drivers/lan9514/lib/usbdevice.o
LOAD /home/tony/src/github/FreeRTOS9-Rpi2B-WeatherServer/build/Drivers/lan9514/lib/usbdevicefactory.o
LOAD /home/tony/src/github/FreeRTOS9-Rpi2B-WeatherServer/build/Drivers/lan9514/lib/usbendpoint.o
LOAD /home/tony/src/github/FreeRTOS9-Rpi2B-WeatherServer/build/Drivers/lan9514/lib/usbrequest.o
LOAD /home/tony/src/github/FreeRTOS9-Rpi2B-WeatherServer/build/Drivers/lan9514/lib/usbstandardhub.o
LOAD /home/tony/src/github/FreeRTOS9-Rpi2B-WeatherServer/build/Drivers/lan9514/lib/devicenameservice.o
LOAD /home/tony/src/github/FreeRTOS9-Rpi2B-WeatherServer/build/Drivers/lan9514/lib/macaddress.o
LOAD /home/tony/src/github/FreeRTOS9-Rpi2B-WeatherServer/build/Drivers/lan9514/lib/smsc951x.o
LOAD /home/tony/src/github/FreeRTOS9-Rpi2B-WeatherServer/build/Drivers/lan9514/lib/string.o
LOAD /home/tony/src/github/FreeRTOS9-Rpi2B-WeatherServer/build/Drivers/lan9514/lib/util.o
LOAD /home/tony/src/github/FreeRTOS9-Rpi2B-WeatherServer/build/Drivers/lan9514/lib/usbmassdevice.o
LOAD /home/tony/src/github/FreeRTOS9-Rpi2B-WeatherServer/build/Drivers/lan9514/lib/dwhciframeschednper.o
LOAD /home/tony/src/github/FreeRTOS9-Rpi2B-WeatherServer/build/Drivers/lan9514/lib/dwhciframeschedper.o
LOAD /home/tony/src/github/FreeRTOS9-Rpi2B-WeatherServer/build/Drivers/lan9514/lib/keymap.o
LOAD /home/tony/src/github/FreeRTOS9-Rpi2B-WeatherServer/build/Drivers/lan9514/lib/usbkeyboard.o
LOAD /home/tony/src/github/FreeRTOS9-Rpi2B-WeatherServer/build/Drivers/lan9514/lib/dwhcirootport.o
LOAD /home/tony/src/github/FreeRTOS9-Rpi2B-WeatherServer/build/Drivers/lan9514/lib/usbmouse.o
LOAD /home/tony/src/github/FreeRTOS9-Rpi2B-WeatherServer/build/Drivers/lan9514/lib/dwhciframeschednsplit.o
LOAD /home/tony/src/github/FreeRTOS9-Rpi2B-WeatherServer/build/Drivers/lan9514/lib/usbgamepad.o
LOAD /home/tony/src/github/FreeRTOS9-Rpi2B-WeatherServer/build/Drivers/lan9514/lib/synchronize.o
LOAD /home/tony/src/github/FreeRTOS9-Rpi2B-WeatherServer/build/Drivers/lan9514/lib/usbstring.o
LOAD /home/tony/src/github/FreeRTOS9-Rpi2B-WeatherServer/build/Drivers/FreeRTOS-Plus-TCP/FreeRTOS_ARP.o
LOAD /home/tony/src/github/FreeRTOS9-Rpi2B-WeatherServer/build/Drivers/FreeRTOS-Plus-TCP/FreeRTOS_DHCP.o
LOAD /home/tony/src/github/FreeRTOS9-Rpi2B-WeatherServer/build/Drivers/FreeRTOS-Plus-TCP/FreeRTOS_DNS.o
LOAD /home/tony/src/github/FreeRTOS9-Rpi2B-WeatherServer/build/Drivers/FreeRTOS-Plus-TCP/FreeRTOS_IP.o
LOAD /home/tony/src/github/FreeRTOS9-Rpi2B-WeatherServer/build/Drivers/FreeRTOS-Plus-TCP/FreeRTOS_Sockets.o
LOAD /home/tony/src/github/FreeRTOS9-Rpi2B-WeatherServer/build/Drivers/FreeRTOS-Plus-TCP/FreeRTOS_Stream_Buffer.o
LOAD /home/tony/src/github/FreeRTOS9-Rpi2B-WeatherServer/build/Drivers/FreeRTOS-Plus-TCP/FreeRTOS_TCP_IP.o
LOAD /home/tony/src/github/FreeRTOS9-Rpi2B-WeatherServer/build/Drivers/FreeRTOS-Plus-TCP/FreeRTOS_TCP_WIN.o
LOAD /home/tony/src/github/FreeRTOS9-Rpi2B-WeatherServer/build/Drivers/FreeRTOS-Plus-TCP/FreeRTOS_UDP_IP.o
LOAD /home/tony/src/github/FreeRTOS9-Rpi2B-WeatherServer/build/Drivers/FreeRTOS-Plus-TCP/portable/BufferManagement/BufferAllocation_2.o
LOAD /home/tony/src/github/FreeRTOS9-Rpi2B-WeatherServer/build/Drivers/FreeRTOS-Plus-TCP/portable/NetworkInterface.o

.init           0x0000000000008000       0xe0
 *(.init)
 .init          0x0000000000008000       0xe0 /home/tony/src/github/FreeRTOS9-Rpi2B-WeatherServer/build/Demo/startup.o
                0x0000000000008000                _start

.module_entries
                0x00000000000080e0        0x0
                0x00000000000080e0                __module_entries_start = .
 *(.module_entries)
 *(.module_entries.*)
                0x00000000000080e0                __module_entries_end = .
                0x0000000000000000                __module_entries_size = SIZEOF (.module_entries)

.text           0x0000000000010000    0x2ad50
 *(.text)
 .text          0x0000000000010000      0x36c /home/tony/src/github/FreeRTOS9-Rpi2B-WeatherServer/build/FreeRTOS/Source/portable/GCC/RaspberryPi/port.o
                0x0000000000010000                pxPortInitialiseStack
                0x0000000000010240                xPortStartScheduler
                0x000000000001025c                vPortEndScheduler
                0x0000000000010270                vTickISR
                0x0000000000010348                ulGetTimerCount
 .text          0x000000000001036c      0x324 /home/tony/src/github/FreeRTOS9-Rpi2B-WeatherServer/build/FreeRTOS/Source/portable/GCC/RaspberryPi/portisr.o
                0x000000000001036c                vPortISRStartFirstTask
                0x0000000000010404                vPortYieldProcessor
                0x00000000000104bc                vFreeRTOS_ISR
                0x0000000000010574                vPortEnterCritical
                0x0000000000010604                vPortExitCritical
 .text          0x0000000000010690      0x7a4 /home/tony/src/github/FreeRTOS9-Rpi2B-WeatherServer/build/FreeRTOS/Source/croutine.o
                0x0000000000010690                xCoRoutineCreate
                0x00000000000107f8                vCoRoutineAddToDelayedList
                0x0000000000010bcc                vCoRoutineSchedule
                0x0000000000010da8                xCoRoutineRemoveFromEventList
 .text          0x0000000000010e34      0x284 /home/tony/src/github/FreeRTOS9-Rpi2B-WeatherServer/build/FreeRTOS/Source/list.o
                0x0000000000010e34                vListInitialise
                0x0000000000010e98                vListInitialiseItem
                0x0000000000010ec0                vListInsertEnd
                0x0000000000010f44                vListInsert
                0x0000000000011018                uxListRemove
 .text          0x00000000000110b8     0x103c /home/tony/src/github/FreeRTOS9-Rpi2B-WeatherServer/build/FreeRTOS/Source/queue.o
                0x00000000000110b8                xQueueGenericReset
                0x00000000000111d4                xQueueGenericCreate
                0x0000000000011340                xQueueCreateMutex
                0x0000000000011394                xQueueCreateCountingSemaphore
                0x00000000000113e4                xQueueGenericSend
                0x00000000000115cc                xQueueGenericSendFromISR
                0x00000000000116c8                xQueueGiveFromISR
                0x00000000000117b8                xQueueGenericReceive
                0x0000000000011a3c                xQueueReceiveFromISR
                0x0000000000011b34                xQueuePeekFromISR
                0x0000000000011bb0                uxQueueMessagesWaiting
                0x0000000000011be4                uxQueueSpacesAvailable
                0x0000000000011c2c                uxQueueMessagesWaitingFromISR
                0x0000000000011c5c                vQueueDelete
                0x0000000000012008                xQueueIsQueueEmptyFromISR
                0x00000000000120a4                xQueueIsQueueFullFromISR
 .text          0x00000000000120f4     0x23f8 /home/tony/src/github/FreeRTOS9-Rpi2B-WeatherServer/build/FreeRTOS/Source/tasks.o
                0x00000000000120f4                xTaskCreate
                0x00000000000124e4                vTaskDelete
                0x000000000001261c                vTaskDelayUntil
                0x0000000000012720                vTaskDelay
                0x0000000000012774                uxTaskPriorityGet
                0x00000000000127cc                uxTaskPriorityGetFromISR
                0x0000000000012828                vTaskPrioritySet
                0x0000000000012a30                vTaskStartScheduler
                0x0000000000012acc                vTaskEndScheduler
                0x0000000000012b00                vTaskSuspendAll
                0x0000000000012b30                xTaskResumeAll
                0x0000000000012d18                xTaskGetTickCount
                0x0000000000012d4c                xTaskGetTickCountFromISR
                0x0000000000012d84                uxTaskGetNumberOfTasks
                0x0000000000012da8                pcTaskGetName
                0x0000000000012df4                xTaskIncrementTick
                0x0000000000013084                vTaskSetApplicationTaskTag
                0x00000000000130dc                xTaskGetApplicationTaskTag
                0x0000000000013138                xTaskCallApplicationTaskHook
                0x00000000000131b4                vTaskSwitchContext
                0x00000000000132cc                vTaskPlaceOnEventList
                0x0000000000013310                vTaskPlaceOnUnorderedEventList
                0x0000000000013370                xTaskRemoveFromEventList
                0x0000000000013494                vTaskRemoveFromUnorderedEventList
                0x0000000000013574                vTaskSetTimeOutState
                0x00000000000135b8                xTaskCheckForTimeOut
                0x0000000000013690                vTaskMissedYield
                0x0000000000013914                xTaskGetCurrentTaskHandle
                0x0000000000013944                vTaskPriorityInherit
                0x0000000000013aa0                xTaskPriorityDisinherit
                0x0000000000013bb4                uxTaskResetEventItemValue
                0x0000000000013c0c                pvTaskIncrementMutexHeldCount
                0x0000000000013c5c                ulTaskNotifyTake
                0x0000000000013d48                xTaskNotifyWait
                0x0000000000013e78                xTaskGenericNotify
                0x0000000000014024                xTaskGenericNotifyFromISR
                0x0000000000014228                vTaskNotifyGiveFromISR
                0x0000000000014378                xTaskNotifyStateClear
 .text          0x00000000000144ec      0x708 /home/tony/src/github/FreeRTOS9-Rpi2B-WeatherServer/build/FreeRTOS/Source/event_groups.o
                0x00000000000144ec                xEventGroupCreate
                0x000000000001453c                xEventGroupSync
                0x00000000000146c8                xEventGroupWaitBits
                0x0000000000014894                xEventGroupClearBits
                0x00000000000148f0                xEventGroupGetBitsFromISR
                0x0000000000014930                xEventGroupSetBits
                0x0000000000014ac0                vEventGroupDelete
                0x0000000000014b24                vEventGroupSetBitsCallback
                0x0000000000014b4c                vEventGroupClearBitsCallback
 .text          0x0000000000014bf4      0x424 /home/tony/src/github/FreeRTOS9-Rpi2B-WeatherServer/build/Drivers/interrupts.o
                0x0000000000014c24                irqHandler
                0x0000000000014d40                InitInterruptController
                0x0000000000014db8                RegisterInterrupt
                0x0000000000014e38                EnableInterrupt
                0x0000000000014f10                DisableInterrupt
                0x0000000000014fe8                EnableInterrupts
                0x0000000000015000                DisableInterrupts
 .text          0x0000000000015018      0x6b8 /home/tony/src/github/FreeRTOS9-Rpi2B-WeatherServer/build/Drivers/gpio.o
                0x0000000000015018                SetGpioFunction
                0x00000000000150e8                SetGpioDirection
                0x0000000000015118                SetGpio
                0x00000000000151d8                ReadGpio
                0x0000000000015228                EnableGpioDetect
                0x00000000000153fc                DisableGpioDetect
                0x00000000000155d8                ClearGpioInterrupt
                0x000000000001562c                PudGpio
 .text          0x00000000000156d0      0x620 /home/tony/src/github/FreeRTOS9-Rpi2B-WeatherServer/build/FreeRTOS/Source/portable/MemMang/heap_4.o
                0x00000000000156d0                pvPortMalloc
                0x000000000001590c                vPortFree
                0x00000000000159dc                xPortGetFreeHeapSize
                0x0000000000015a00                xPortGetMinimumEverFreeHeapSize
                0x0000000000015a24                vPortInitialiseBlocks
 .text          0x0000000000015cf0       0x40 /home/tony/src/github/FreeRTOS9-Rpi2B-WeatherServer/build/Demo/startup.o
                0x0000000000015d20                PUT32
                0x0000000000015d28                GET32
 .text          0x0000000000015d30      0xf3c /home/tony/src/github/FreeRTOS9-Rpi2B-WeatherServer/build/Demo/main.o
                0x0000000000015d30                task1
                0x0000000000015d68                task2
                0x0000000000015da8                printAddressConfiguration
                0x0000000000015e40                vTemperatureServerTask
                0x0000000000016398                tassert_fail
                0x00000000000163f0                convert_temp
                0x0000000000016548                modulo
                0x0000000000016594                num2string
                0x0000000000016770                vDS18B20Task
                0x0000000000016900                setSystemCtlReg
                0x0000000000016930                printCPUID
                0x0000000000016960                printMemModelFeat0
                0x0000000000016990                main
                0x0000000000016bac                DAbort
                0x0000000000016bcc                PFetch
                0x0000000000016bec                FIQ
                0x0000000000016c0c                UNUSED
                0x0000000000016c2c                HANG
                0x0000000000016c4c                UNDEFINED_INST
 .text          0x0000000000016c6c       0xa8 /home/tony/src/github/FreeRTOS9-Rpi2B-WeatherServer/build/Demo/cpuinfo.o
                0x0000000000016c6c                cpuinfo_getStackPtr
                0x0000000000016c78                cpuinfo_getSystemCtlReg
                0x0000000000016c84                cpuinfo_setSystemCtlReg
                0x0000000000016c90                cpuinfo_getMainIDReg
                0x0000000000016c9c                cpuinfo_getIDMMFR0
                0x0000000000016ca8                cpuinfo_getSysCntrFreq
                0x0000000000016cb4                cpuinfo_getLowerPhysCnt
                0x0000000000016cc0                cpuinfo_getUpperPhysCnt
                0x0000000000016ccc                cpuinfo_getPMEnReg
                0x0000000000016cd8                cpuinfo_setPMEnReg
                0x0000000000016ce4                cpuinfo_getPMCR
                0x0000000000016cf0                cpuinfo_setPMCR
                0x0000000000016cfc                cpuinfo_getPMCounter
                0x0000000000016d08                cpuinfo_setPMCounter
 .text          0x0000000000016d14      0x544 /home/tony/src/github/FreeRTOS9-Rpi2B-WeatherServer/build/Demo/onewire.o
                0x0000000000016d14                waitUs
                0x0000000000016d5c                w1_data
                0x0000000000016e08                w1_setbit
                0x0000000000016e38                w1_read_bit
                0x0000000000016f24                w1_read_block
                0x000000000001701c                w1_write
                0x000000000001717c                w1_reset
 .text          0x0000000000017258      0x170 /home/tony/src/github/FreeRTOS9-Rpi2B-WeatherServer/build/Demo/ds18b20.o
                0x0000000000017258                ds18b20_setup
                0x0000000000017298                ds18b20_readrom_single
                0x00000000000172e8                ds18b20_readtemp_single
 .text          0x00000000000173c8       0xf4 /home/tony/src/github/FreeRTOS9-Rpi2B-WeatherServer/build/Drivers/mailbox.o
                0x00000000000173c8                mailboxWrite
                0x0000000000017438                mailboxRead
 .text          0x00000000000174bc      0x34c /home/tony/src/github/FreeRTOS9-Rpi2B-WeatherServer/build/Demo/trace.o
                0x00000000000174bc                __cyg_profile_func_enter
                0x0000000000017654                __cyg_profile_func_exit
 .text          0x0000000000017808      0x3d8 /home/tony/src/github/FreeRTOS9-Rpi2B-WeatherServer/build/Drivers/mem.o
                0x0000000000017808                memset
                0x000000000001786c                memmove
                0x000000000001791c                memcpy2
                0x0000000000017990                memcmp
                0x0000000000017a30                strcpy
                0x0000000000017a90                strncpy
                0x0000000000017b38                strlen
                0x0000000000017b8c                rand
 .text          0x0000000000017be0      0xb30 /home/tony/src/github/FreeRTOS9-Rpi2B-WeatherServer/build/Drivers/video.o
                0x0000000000017be0                enablelogging
                0x0000000000017c04                initFB
                0x0000000000017e34                drawPixel
                0x0000000000017e94                drawRect
                0x0000000000017f20                drawChar
                0x0000000000018048                drawString
                0x00000000000180b4                println
                0x00000000000182ec                printHex
                0x000000000001850c                printHexByte
                0x0000000000018628                videotest
 .text          0x0000000000018710      0x45c /home/tony/src/github/FreeRTOS9-Rpi2B-WeatherServer/build/Drivers/lan9514/uspibind.o
                0x0000000000018710                MsDelay
                0x0000000000018774                usDelay
                0x00000000000187d0                StartKernelTimer
                0x000000000001880c                CancelKernelTimer
                0x0000000000018834                ConnectInterrupt
                0x0000000000018874                SetPowerStateOn
                0x000000000001893c                GetMACAddress
                0x0000000000018a60                LogWrite
                0x0000000000018a94                uspi_assertion_failed
                0x0000000000018ae0                DebugHexdump
                0x0000000000018b10                malloc
                0x0000000000018b44                free
 .text          0x0000000000018b6c     0x105c /home/tony/src/github/FreeRTOS9-Rpi2B-WeatherServer/build/Drivers/lan9514/lib/uspilibrary.o
                0x0000000000018b6c                USPiInitialize
                0x0000000000018ec0                USPiKeyboardAvailable
                0x0000000000018f1c                USPiKeyboardRegisterKeyPressedHandler
                0x0000000000018fac                USPiKeyboardRegisterShutdownHandler
                0x000000000001903c                USPiKeyboardRegisterKeyStatusHandlerRaw
                0x00000000000190cc                USPiMouseAvailable
                0x0000000000019128                USPiMouseRegisterStatusHandler
                0x00000000000191b8                USPiMassStorageDeviceAvailable
                0x0000000000019248                USPiMassStorageDeviceRead
                0x0000000000019334                USPiMassStorageDeviceWrite
                0x0000000000019420                USPiMassStorageDeviceGetCapacity
                0x00000000000194c0                USPiEthernetAvailable
                0x000000000001951c                USPiGetMACAddress
                0x00000000000195dc                USPiSendFrame
                0x000000000001968c                USPiReceiveFrame
                0x000000000001973c                USPiGamePadAvailable
                0x00000000000197d4                USPiGamePadRegisterStatusHandler
                0x0000000000019890                USPiGamePadGetStatus
                0x0000000000019960                USPiDeviceGetInformation
 .text          0x0000000000019bc8     0x3594 /home/tony/src/github/FreeRTOS9-Rpi2B-WeatherServer/build/Drivers/lan9514/lib/dwhcidevice.o
                0x0000000000019bc8                DWHCIDevice
                0x0000000000019c74                _DWHCIDevice
                0x0000000000019c9c                DWHCIDeviceInitialize
                0x0000000000019f40                DWHCIDeviceGetDescriptor
                0x0000000000019ff8                DWHCIDeviceSetAddress
                0x000000000001a09c                DWHCIDeviceSetConfiguration
                0x000000000001a140                DWHCIDeviceControlMessage
                0x000000000001a2c8                DWHCIDeviceTransfer
                0x000000000001a37c                DWHCIDeviceSubmitBlockingRequest
                0x000000000001a684                DWHCIDeviceSubmitAsyncRequest
                0x000000000001a7b8                DWHCIDeviceInitCore
                0x000000000001aaec                DWHCIDeviceInitHost
                0x000000000001adc8                DWHCIDeviceEnableRootPort
                0x000000000001aef4                DWHCIDeviceReset
                0x000000000001b000                DWHCIDeviceEnableGlobalInterrupts
                0x000000000001b084                DWHCIDeviceEnableCommonInterrupts
                0x000000000001b0f8                DWHCIDeviceEnableHostInterrupts
                0x000000000001b194                DWHCIDeviceEnableChannelInterrupt
                0x000000000001b234                DWHCIDeviceDisableChannelInterrupt
                0x000000000001b2d8                DWHCIDeviceFlushTxFIFO
                0x000000000001b3b4                DWHCIDeviceFlushRxFIFO
                0x000000000001b464                DWHCIDeviceTransferStage
                0x000000000001b578                DWHCIDeviceCompletionRoutine
                0x000000000001b5d0                DWHCIDeviceTransferStageAsync
                0x000000000001b7ec                DWHCIDeviceStartTransaction
                0x000000000001b974                DWHCIDeviceStartChannel
                0x000000000001bf04                DWHCIDeviceChannelInterruptHandler
                0x000000000001c66c                DWHCIDeviceInterruptHandler
                0x000000000001c83c                DWHCIDeviceTimerHandler
                0x000000000001c994                DWHCIDeviceAllocateChannel
                0x000000000001ca5c                DWHCIDeviceFreeChannel
                0x000000000001cb2c                DWHCIDeviceWaitForBit
                0x000000000001cc64                DWHCIDeviceGetPortSpeed
                0x000000000001cd28                DWHCIDeviceOvercurrentDetected
                0x000000000001cdbc                DWHCIDeviceDisableRootPort
                0x000000000001ce40                DWHCIDeviceDumpRegister
                0x000000000001cec4                DWHCIDeviceDumpStatus
 .text          0x000000000001d15c      0x6ec /home/tony/src/github/FreeRTOS9-Rpi2B-WeatherServer/build/Drivers/lan9514/lib/dwhciregister.o
                0x000000000001d15c                DWHCIRegister
                0x000000000001d1b4                DWHCIRegister2
                0x000000000001d21c                _DWHCIRegister
                0x000000000001d264                DWHCIRegisterRead
                0x000000000001d2cc                DWHCIRegisterWrite
                0x000000000001d348                DWHCIRegisterGet
                0x000000000001d3b8                DWHCIRegisterSet
                0x000000000001d410                DWHCIRegisterIsSet
                0x000000000001d49c                DWHCIRegisterAnd
                0x000000000001d51c                DWHCIRegisterOr
                0x000000000001d59c                DWHCIRegisterClearBit
                0x000000000001d64c                DWHCIRegisterSetBit
                0x000000000001d6f8                DWHCIRegisterClearAll
                0x000000000001d74c                DWHCIRegisterSetAll
                0x000000000001d7a0                DWHCIRegisterDump
 .text          0x000000000001d848     0x14a0 /home/tony/src/github/FreeRTOS9-Rpi2B-WeatherServer/build/Drivers/lan9514/lib/dwhcixferstagedata.o
                0x000000000001d848                DWHCITransferStageData
                0x000000000001dd98                _DWHCITransferStageData
                0x000000000001de78                DWHCITransferStageDataTransactionComplete
                0x000000000001e080                DWHCITransferStageDataSetSplitComplete
                0x000000000001e0f4                DWHCITransferStageDataSetState
                0x000000000001e140                DWHCITransferStageDataGetState
                0x000000000001e188                DWHCITransferStageDataSetSubState
                0x000000000001e1d4                DWHCITransferStageDataGetSubState
                0x000000000001e21c                DWHCITransferStageDataBeginSplitCycle
                0x000000000001e240                DWHCITransferStageDataGetChannelNumber
                0x000000000001e288                DWHCITransferStageDataIsPeriodic
                0x000000000001e32c                DWHCITransferStageDataGetDeviceAddress
                0x000000000001e3a8                DWHCITransferStageDataGetEndpointType
                0x000000000001e48c                DWHCITransferStageDataGetEndpointNumber
                0x000000000001e508                DWHCITransferStageDataGetMaxPacketSize
                0x000000000001e550                DWHCITransferStageDataGetSpeed
                0x000000000001e598                DWHCITransferStageDataGetPID
                0x000000000001e684                DWHCITransferStageDataIsDirectionIn
                0x000000000001e6cc                DWHCITransferStageDataIsStatusStage
                0x000000000001e714                DWHCITransferStageDataGetDMAAddress
                0x000000000001e784                DWHCITransferStageDataGetBytesToTransfer
                0x000000000001e7cc                DWHCITransferStageDataGetPacketsToTransfer
                0x000000000001e814                DWHCITransferStageDataIsSplit
                0x000000000001e85c                DWHCITransferStageDataIsSplitComplete
                0x000000000001e8cc                DWHCITransferStageDataGetHubAddress
                0x000000000001e970                DWHCITransferStageDataGetHubPortAddress
                0x000000000001ea14                DWHCITransferStageDataGetSplitPosition
                0x000000000001ea80                DWHCITransferStageDataGetStatusMask
                0x000000000001eafc                DWHCITransferStageDataGetTransactionStatus
                0x000000000001eb6c                DWHCITransferStageDataIsStageComplete
                0x000000000001ebc4                DWHCITransferStageDataGetResultLen
                0x000000000001ec30                DWHCITransferStageDataGetURB
                0x000000000001eca0                DWHCITransferStageDataGetFrameScheduler
 .text          0x000000000001ece8      0x5d8 /home/tony/src/github/FreeRTOS9-Rpi2B-WeatherServer/build/Drivers/lan9514/lib/usbconfigparser.o
                0x000000000001ece8                USBConfigurationParser
                0x000000000001f01c                _USBConfigurationParser
                0x000000000001f064                USBConfigurationParserIsValid
                0x000000000001f0ac                USBConfigurationParserGetDescriptor
                0x000000000001f210                USBConfigurationParserError
 .text          0x000000000001f2c0     0x155c /home/tony/src/github/FreeRTOS9-Rpi2B-WeatherServer/build/Drivers/lan9514/lib/usbdevice.o
                0x000000000001f2c0                USBDevice
                0x000000000001f484                USBDeviceCopy
                0x000000000001f7a4                _USBDevice
                0x000000000001f8e8                USBDeviceInitialize
                0x000000000002001c                USBDeviceConfigure
                0x000000000002012c                USBDeviceGetName
                0x00000000000203bc                USBDeviceGetAddress
                0x0000000000020404                USBDeviceGetSpeed
                0x000000000002044c                USBDeviceGetHubAddress
                0x0000000000020494                USBDeviceGetHubPortNumber
                0x00000000000204dc                USBDeviceGetEndpoint0
                0x000000000002054c                USBDeviceGetHost
                0x00000000000205bc                USBDeviceGetDeviceDescriptor
                0x000000000002062c                USBDeviceGetConfigurationDescriptor
                0x000000000002069c                USBDeviceGetDescriptor
                0x0000000000020728                USBDeviceConfigurationError
                0x00000000000207a4                USBDeviceSetAddress
 .text          0x000000000002081c      0x418 /home/tony/src/github/FreeRTOS9-Rpi2B-WeatherServer/build/Drivers/lan9514/lib/usbdevicefactory.o
                0x000000000002081c                USBDeviceFactoryGetDevice
                0x0000000000020910                GetDevice
 .text          0x0000000000020c34      0x930 /home/tony/src/github/FreeRTOS9-Rpi2B-WeatherServer/build/Drivers/lan9514/lib/usbendpoint.o
                0x0000000000020c34                USBEndpoint
                0x0000000000020cf0                USBEndpoint2
                0x0000000000020f78                USBEndpointCopy
                0x0000000000021074                _USBEndpoint
                0x00000000000210bc                USBEndpointGetDevice
                0x000000000002112c                USBEndpointGetNumber
                0x0000000000021174                USBEndpointGetType
                0x00000000000211bc                USBEndpointIsDirectionIn
                0x0000000000021204                USBEndpointSetMaxPacketSize
                0x0000000000021250                USBEndpointGetMaxPacketSize
                0x0000000000021298                USBEndpointGetInterval
                0x0000000000021308                USBEndpointGetNextPID
                0x0000000000021390                USBEndpointSkipPID
                0x00000000000214f4                USBEndpointResetPID
 .text          0x0000000000021564      0x5c4 /home/tony/src/github/FreeRTOS9-Rpi2B-WeatherServer/build/Drivers/lan9514/lib/usbrequest.o
                0x0000000000021564                USBRequest
                0x0000000000021678                _USBRequest
                0x00000000000216e4                USBRequestGetEndpoint
                0x0000000000021754                USBRequestSetStatus
                0x00000000000217a0                USBRequestSetResultLen
                0x00000000000217ec                USBRequestGetStatus
                0x0000000000021834                USBRequestGetResultLength
                0x00000000000218a4                USBRequestGetSetupData
                0x0000000000021948                USBRequestGetBuffer
                0x00000000000219c8                USBRequestGetBufLen
                0x0000000000021a10                USBRequestSetCompletionRoutine
                0x0000000000021aa4                USBRequestCallCompletionRoutine
 .text          0x0000000000021b28     0x13f8 /home/tony/src/github/FreeRTOS9-Rpi2B-WeatherServer/build/Drivers/lan9514/lib/usbstandardhub.o
                0x0000000000021b28                USBStandardHub
                0x0000000000021bec                _USBStandardHub
                0x0000000000021d38                USBStandardHubInitialize
                0x0000000000021d88                USBStandardHubConfigure
                0x000000000002225c                USBStandardHubEnumeratePorts
                0x0000000000022db4                USBStandardHubGetDeviceNames
 .text          0x0000000000022f20      0x43c /home/tony/src/github/FreeRTOS9-Rpi2B-WeatherServer/build/Drivers/lan9514/lib/devicenameservice.o
                0x0000000000022f20                DeviceNameService
                0x0000000000022fa4                _DeviceNameService
                0x0000000000023090                DeviceNameServiceAddDevice
                0x00000000000231ec                DeviceNameServiceGetDevice
                0x0000000000023314                DeviceNameServiceGet
 .text          0x000000000002335c      0x548 /home/tony/src/github/FreeRTOS9-Rpi2B-WeatherServer/build/Drivers/lan9514/lib/macaddress.o
                0x000000000002335c                MACAddress
                0x00000000000233a4                MACAddress2
                0x00000000000233f0                _MACAddress
                0x0000000000023438                MACAddressIsEqual
                0x00000000000234dc                MACAddressSet
                0x0000000000023564                MACAddressSetBroadcast
                0x00000000000235c4                MACAddressGet
                0x0000000000023634                MACAddressCopyTo
                0x00000000000236d8                MACAddressIsBroadcast
                0x0000000000023788                MACAddressGetSize
                0x00000000000237ac                MACAddressFormat
 .text          0x00000000000238a4      0xef0 /home/tony/src/github/FreeRTOS9-Rpi2B-WeatherServer/build/Drivers/lan9514/lib/smsc951x.o
                0x00000000000238a4                SMSC951xDevice
                0x0000000000023968                _SMSC951xDevice
                0x0000000000023a54                SMSC951xDeviceConfigure
                0x0000000000023fbc                SMSC951xDeviceGetMACAddress
                0x0000000000024004                SMSC951xDeviceSendFrame
                0x0000000000024154                SMSC951xDeviceReceiveFrame
                0x00000000000243c0                SMSC951xDeviceWriteReg
                0x000000000002446c                SMSC951xDeviceReadReg
                0x000000000002451c                SMSC951xDeviceDumpReg
                0x00000000000245c8                SMSC951xDeviceDumpRegs
 .text          0x0000000000024794      0xfc8 /home/tony/src/github/FreeRTOS9-Rpi2B-WeatherServer/build/Drivers/lan9514/lib/string.o
                0x0000000000024794                String
                0x00000000000247e8                String2
                0x0000000000024874                _String
                0x00000000000248dc                StringGet
                0x0000000000024940                StringSet
                0x00000000000249f8                StringGetLength
                0x0000000000024a64                StringAppend
                0x0000000000024b7c                StringCompare
                0x0000000000024bd8                StringFind
                0x0000000000024c84                StringFormat
                0x0000000000024ce4                StringFormatV
                0x00000000000253f4                StringPutChar
                0x000000000002547c                StringPutString
                0x0000000000025500                StringReserveSpace
                0x0000000000025618                ntoa
 .text          0x000000000002575c      0x564 /home/tony/src/github/FreeRTOS9-Rpi2B-WeatherServer/build/Drivers/lan9514/lib/util.o
                0x000000000002575c                uspi_memset
                0x00000000000257c0                uspi_memcpy2
                0x0000000000025834                uspi_memcmp
                0x00000000000258e0                uspi_strlen
                0x0000000000025934                uspi_strcmp
                0x0000000000025a38                uspi_strcpy
                0x0000000000025aa8                uspi_strncpy
                0x0000000000025b44                uspi_strcat
                0x0000000000025bd4                uspi_char2int
                0x0000000000025c20                uspi_le2be16
                0x0000000000025c6c                uspi_le2be32
 .text          0x0000000000025cc0     0x1368 /home/tony/src/github/FreeRTOS9-Rpi2B-WeatherServer/build/Drivers/lan9514/lib/usbmassdevice.o
                0x0000000000025cc0                USBBulkOnlyMassStorageDevice
                0x0000000000025d60                _USBBulkOnlyMassStorageDevice
                0x0000000000025e20                USBBulkOnlyMassStorageDeviceConfigure
                0x0000000000026524                USBBulkOnlyMassStorageDeviceRead
                0x00000000000265e4                USBBulkOnlyMassStorageDeviceWrite
                0x00000000000266a4                USBBulkOnlyMassStorageDeviceSeek
                0x0000000000026700                USBBulkOnlyMassStorageDeviceGetCapacity
                0x0000000000026748                USBBulkOnlyMassStorageDeviceTryRead
                0x0000000000026914                USBBulkOnlyMassStorageDeviceTryWrite
                0x0000000000026adc                USBBulkOnlyMassStorageDeviceCommand
                0x0000000000026e40                USBBulkOnlyMassStorageDeviceReset
 .text          0x0000000000027028      0x420 /home/tony/src/github/FreeRTOS9-Rpi2B-WeatherServer/build/Drivers/lan9514/lib/dwhciframeschednper.o
                0x0000000000027028                DWHCIFrameSchedulerNonPeriodic
                0x00000000000270d8                _DWHCIFrameSchedulerNonPeriodic
                0x0000000000027128                DWHCIFrameSchedulerNonPeriodicStartSplit
                0x0000000000027178                DWHCIFrameSchedulerNonPeriodicCompleteSplit
                0x0000000000027250                DWHCIFrameSchedulerNonPeriodicTransactionComplete
                0x0000000000027408                DWHCIFrameSchedulerNonPeriodicWaitForFrame
                0x0000000000027424                DWHCIFrameSchedulerNonPeriodicIsOddFrame
 .text          0x0000000000027448      0x558 /home/tony/src/github/FreeRTOS9-Rpi2B-WeatherServer/build/Drivers/lan9514/lib/dwhciframeschedper.o
                0x0000000000027448                DWHCIFrameSchedulerPeriodic
                0x0000000000027504                _DWHCIFrameSchedulerPeriodic
                0x0000000000027554                DWHCIFrameSchedulerPeriodicStartSplit
                0x00000000000275b0                DWHCIFrameSchedulerPeriodicCompleteSplit
                0x00000000000276c8                DWHCIFrameSchedulerPeriodicTransactionComplete
                0x000000000002785c                DWHCIFrameSchedulerPeriodicWaitForFrame
                0x000000000002793c                DWHCIFrameSchedulerPeriodicIsOddFrame
 .text          0x00000000000279a0      0x698 /home/tony/src/github/FreeRTOS9-Rpi2B-WeatherServer/build/Drivers/lan9514/lib/keymap.o
                0x00000000000279a0                KeyMap
                0x0000000000027a18                _KeyMap
                0x0000000000027a34                KeyMapClearTable
                0x0000000000027adc                KeyMapSetEntry
                0x0000000000027ba4                KeyMapTranslate
                0x0000000000027df4                KeyMapGetString
                0x0000000000027f98                KeyMapGetLEDStatus
 .text          0x0000000000028038      0xd40 /home/tony/src/github/FreeRTOS9-Rpi2B-WeatherServer/build/Drivers/lan9514/lib/usbkeyboard.o
                0x0000000000028038                USBKeyboardDevice
                0x0000000000028154                _CUSBKeyboardDevice
                0x0000000000028214                USBKeyboardDeviceConfigure
                0x000000000002860c                USBKeyboardDeviceRegisterKeyPressedHandler
                0x000000000002867c                USBKeyboardDeviceRegisterSelectConsoleHandler
                0x00000000000286ec                USBKeyboardDeviceRegisterShutdownHandler
                0x000000000002875c                USBKeyboardDeviceRegisterKeyStatusHandlerRaw
 .text          0x0000000000028d78      0x4b0 /home/tony/src/github/FreeRTOS9-Rpi2B-WeatherServer/build/Drivers/lan9514/lib/dwhcirootport.o
                0x0000000000028d78                DWHCIRootPort
                0x0000000000028df8                _DWHCIRootPort
                0x0000000000028e7c                DWHCIRootPortInitialize
 .text          0x0000000000029228      0x8f0 /home/tony/src/github/FreeRTOS9-Rpi2B-WeatherServer/build/Drivers/lan9514/lib/usbmouse.o
                0x0000000000029228                USBMouseDevice
                0x00000000000292f8                _CUSBMouseDevice
                0x00000000000293a8                USBMouseDeviceConfigure
                0x00000000000297a0                USBMouseDeviceRegisterStatusHandler
 .text          0x0000000000029b18      0x298 /home/tony/src/github/FreeRTOS9-Rpi2B-WeatherServer/build/Drivers/lan9514/lib/dwhciframeschednsplit.o
                0x0000000000029b18                DWHCIFrameSchedulerNoSplit
                0x0000000000029bd8                _DWHCIFrameSchedulerNoSplit
                0x0000000000029bf4                DWHCIFrameSchedulerNoSplitStartSplit
                0x0000000000029c24                DWHCIFrameSchedulerNoSplitCompleteSplit
                0x0000000000029c5c                DWHCIFrameSchedulerNoSplitTransactionComplete
                0x0000000000029c90                DWHCIFrameSchedulerNoSplitWaitForFrame
                0x0000000000029d4c                DWHCIFrameSchedulerNoSplitIsOddFrame
 .text          0x0000000000029db0     0x1788 /home/tony/src/github/FreeRTOS9-Rpi2B-WeatherServer/build/Drivers/lan9514/lib/usbgamepad.o
                0x0000000000029db0                USBGamePadDevice
                0x0000000000029f90                _CUSBGamePadDevice
                0x000000000002aa08                USBGamePadDeviceConfigure
                0x000000000002b020                USBGamePadDeviceRegisterStatusHandler
                0x000000000002b34c                USBGamePadDeviceGetReport
 .text          0x000000000002b538      0x124 /home/tony/src/github/FreeRTOS9-Rpi2B-WeatherServer/build/Drivers/lan9514/lib/synchronize.o
                0x000000000002b538                uspi_EnterCritical
                0x000000000002b5ac                uspi_LeaveCritical
                0x000000000002b62c                uspi_CleanAndInvalidateDataCacheRange
 .text          0x000000000002b65c      0xc14 /home/tony/src/github/FreeRTOS9-Rpi2B-WeatherServer/build/Drivers/lan9514/lib/usbstring.o
                0x000000000002b65c                USBString
                0x000000000002b72c                USBStringCopy
                0x000000000002b8c4                _USBString
                0x000000000002b98c                USBStringGetFromDescriptor
                0x000000000002bec8                USBStringGet
                0x000000000002bf1c                USBStringGetLanguageID
 .text          0x000000000002c270      0xcd0 /home/tony/src/github/FreeRTOS9-Rpi2B-WeatherServer/build/Drivers/FreeRTOS-Plus-TCP/FreeRTOS_ARP.o
                0x000000000002c270                eARPProcessPacket
                0x000000000002c5ac                vARPRefreshCacheEntry
                0x000000000002c940                eARPGetCacheEntry
                0x000000000002cb7c                vARPAgeCache
                0x000000000002cd6c                vARPSendGratuitous
                0x000000000002cd90                FreeRTOS_OutputARPRequest
                0x000000000002cde4                vARPGenerateRequestPacket
                0x000000000002cf20                FreeRTOS_ClearARP
 .text          0x000000000002cf40        0x0 /home/tony/src/github/FreeRTOS9-Rpi2B-WeatherServer/build/Drivers/FreeRTOS-Plus-TCP/FreeRTOS_DHCP.o
 .text          0x000000000002cf40      0x8cc /home/tony/src/github/FreeRTOS9-Rpi2B-WeatherServer/build/Drivers/FreeRTOS-Plus-TCP/FreeRTOS_DNS.o
                0x000000000002cf8c                FreeRTOS_gethostbyname
                0x000000000002d410                ulDNSHandlePacket
 .text          0x000000000002d80c     0x1fac /home/tony/src/github/FreeRTOS9-Rpi2B-WeatherServer/build/Drivers/FreeRTOS-Plus-TCP/FreeRTOS_IP.o
                0x000000000002da38                xIsCallingFromIPTask
                0x000000000002ddc8                FreeRTOS_NetworkDown
                0x000000000002de24                FreeRTOS_NetworkDownFromISR
                0x000000000002dea0                FreeRTOS_GetUDPPayloadBuffer
                0x000000000002df18                pxDuplicateNetworkBufferWithDescriptor
                0x000000000002dfb4                pxPacketBuffer_to_NetworkBuffer
                0x000000000002e02c                pxUDPPayloadBuffer_to_NetworkBuffer
                0x000000000002e0a4                FreeRTOS_ReleaseUDPPayloadBuffer
                0x000000000002e0d0                FreeRTOS_IPInit
                0x000000000002e39c                FreeRTOS_GetAddressConfiguration
                0x000000000002e444                FreeRTOS_SetAddressConfiguration
                0x000000000002e4ec                xSendEventToIPTask
                0x000000000002e538                xSendEventStructToIPTask
                0x000000000002e640                eConsiderFrameForProcessing
                0x000000000002e774                vIPNetworkUpCalls
                0x000000000002effc                usGenerateProtocolChecksum
                0x000000000002f260                usGenerateChecksum
                0x000000000002f590                vReturnEthernetFrame
                0x000000000002f63c                FreeRTOS_GetIPAddress
                0x000000000002f660                FreeRTOS_SetIPAddress
                0x000000000002f68c                FreeRTOS_GetGatewayAddress
                0x000000000002f6b0                FreeRTOS_GetDNSServerAddress
                0x000000000002f6d4                FreeRTOS_GetNetmask
                0x000000000002f6f8                FreeRTOS_GetMACAddress
                0x000000000002f718                FreeRTOS_SetNetmask
                0x000000000002f744                FreeRTOS_SetGatewayAddress
                0x000000000002f770                xIPIsNetworkTaskReady
                0x000000000002f794                FreeRTOS_IsNetworkUp
 .text          0x000000000002f7b8     0x355c /home/tony/src/github/FreeRTOS9-Rpi2B-WeatherServer/build/Drivers/FreeRTOS-Plus-TCP/FreeRTOS_Sockets.o
                0x000000000002fc00                vNetworkSocketsInit
                0x000000000002fd8c                FreeRTOS_socket
                0x000000000002ff78                FreeRTOS_recvfrom
                0x00000000000301d0                FreeRTOS_sendto
                0x00000000000303d0                FreeRTOS_bind
                0x0000000000030554                vSocketBind
                0x00000000000306ec                FreeRTOS_closesocket
                0x0000000000030784                vSocketClose
                0x00000000000309b8                FreeRTOS_setsockopt
                0x00000000000310d0                pxUDPSocketLookup
                0x0000000000031124                FreeRTOS_inet_addr
                0x00000000000312f0                FreeRTOS_GetLocalAddress
                0x000000000003136c                vSocketWakeUpUser
                0x00000000000315b0                FreeRTOS_connect
                0x00000000000316d0                FreeRTOS_accept
                0x0000000000031a10                FreeRTOS_recv
                0x0000000000031de0                FreeRTOS_get_tx_head
                0x0000000000031e98                FreeRTOS_send
                0x0000000000032154                FreeRTOS_listen
                0x00000000000322b4                FreeRTOS_shutdown
                0x0000000000032350                xTCPTimerCheck
                0x00000000000324dc                pxTCPSocketLookup
                0x00000000000325ec                FreeRTOS_get_rx_buf
                0x00000000000327a0                lTCPAddRxdata
                0x00000000000328b8                FreeRTOS_GetRemoteAddress
                0x0000000000032990                FreeRTOS_maywrite
                0x0000000000032a54                FreeRTOS_tx_space
                0x0000000000032ad0                FreeRTOS_tx_size
                0x0000000000032b48                FreeRTOS_issocketconnected
                0x0000000000032bc0                FreeRTOS_mss
                0x0000000000032c14                FreeRTOS_connstatus
                0x0000000000032c68                FreeRTOS_rx_size
                0x0000000000032ce0                FreeRTOS_netstat
 .text          0x0000000000032d14      0x5fc /home/tony/src/github/FreeRTOS9-Rpi2B-WeatherServer/build/Drivers/FreeRTOS-Plus-TCP/FreeRTOS_Stream_Buffer.o
                0x0000000000032f84                uxStreamBufferAdd
                0x000000000003315c                uxStreamBufferGet
 .text          0x0000000000033310     0x4a98 /home/tony/src/github/FreeRTOS9-Rpi2B-WeatherServer/build/Drivers/FreeRTOS-Plus-TCP/FreeRTOS_TCP_IP.o
                0x000000000003371c                xTCPSocketCheck
                0x0000000000034e3c                vTCPStateChange
                0x0000000000037218                xProcessReceivedTCPPacket
                0x0000000000037cb4                xTCPCheckNewClient
 .text          0x0000000000037da8     0x1e68 /home/tony/src/github/FreeRTOS9-Rpi2B-WeatherServer/build/Drivers/FreeRTOS-Plus-TCP/FreeRTOS_TCP_WIN.o
                0x0000000000037f9c                vListInsertGeneric
                0x000000000003832c                xTCPWindowRxEmpty
                0x0000000000038534                vTCPWindowDestroy
                0x00000000000385e8                vTCPWindowCreate
                0x00000000000386c4                vTCPWindowInit
                0x0000000000038968                lTCPWindowRxCheck
                0x0000000000038d7c                lTCPWindowTxAdd
                0x0000000000039088                xTCPWindowTxDone
                0x00000000000391cc                xTCPWindowTxHasData
                0x0000000000039330                ulTCPWindowTxGet
                0x0000000000039b00                ulTCPWindowTxAck
                0x0000000000039b68                ulTCPWindowTxSack
 .text          0x0000000000039c10      0x638 /home/tony/src/github/FreeRTOS9-Rpi2B-WeatherServer/build/Drivers/FreeRTOS-Plus-TCP/FreeRTOS_UDP_IP.o
                0x0000000000039c10                vProcessGeneratedUDPPacket
                0x000000000003a098                xProcessReceivedUDPPacket
 .text          0x000000000003a248      0x57c /home/tony/src/github/FreeRTOS9-Rpi2B-WeatherServer/build/Drivers/FreeRTOS-Plus-TCP/portable/BufferManagement/BufferAllocation_2.o
                0x000000000003a248                xNetworkBuffersInitialise
                0x000000000003a3b4                pucGetNetworkBuffer
                0x000000000003a44c                vReleaseNetworkBuffer
                0x000000000003a484                pxGetNetworkBufferWithDescriptor
                0x000000000003a618                vReleaseNetworkBufferAndDescriptor
                0x000000000003a6c4                uxGetNumberOfFreeNetworkBuffers
                0x000000000003a6e8                uxGetMinimumFreeNetworkBuffers
                0x000000000003a70c                pxResizeNetworkBufferWithDescriptor
 .text          0x000000000003a7c4      0x474 /home/tony/src/github/FreeRTOS9-Rpi2B-WeatherServer/build/Drivers/FreeRTOS-Plus-TCP/portable/NetworkInterface.o
                0x000000000003a7c4                printEthBuf
                0x000000000003a8fc                ethernetPollTask
                0x000000000003ab48                xNetworkInterfaceInitialise
                0x000000000003abe0                xNetworkInterfaceOutput
 .text          0x000000000003ac38      0x114 /usr/lib/gcc/arm-none-eabi/4.9.3/libgcc.a(_udivsi3.o)
                0x000000000003ac38                __udivsi3
                0x000000000003ac38                __aeabi_uidiv
                0x000000000003ad2c                __aeabi_uidivmod
 .text          0x000000000003ad4c        0x4 /usr/lib/gcc/arm-none-eabi/4.9.3/libgcc.a(_dvmd_tls.o)
                0x000000000003ad4c                __aeabi_ldiv0
                0x000000000003ad4c                __aeabi_idiv0
 .text          0x000000000003ad50        0x0 /usr/lib/arm-none-eabi/lib/libc.a(lib_a-memcpy.o)

.rodata         0x000000000003ad50     0x36f5
 .rodata        0x000000000003ad50        0x4 /home/tony/src/github/FreeRTOS9-Rpi2B-WeatherServer/build/FreeRTOS/Source/portable/GCC/RaspberryPi/port.o
 .rodata        0x000000000003ad54        0x5 /home/tony/src/github/FreeRTOS9-Rpi2B-WeatherServer/build/FreeRTOS/Source/tasks.o
 *fill*         0x000000000003ad59        0x3 
 .rodata        0x000000000003ad5c        0x4 /home/tony/src/github/FreeRTOS9-Rpi2B-WeatherServer/build/Drivers/interrupts.o
 .rodata        0x000000000003ad60        0x4 /home/tony/src/github/FreeRTOS9-Rpi2B-WeatherServer/build/Drivers/gpio.o
                0x000000000003ad60                pRegs
 .rodata        0x000000000003ad64        0x4 /home/tony/src/github/FreeRTOS9-Rpi2B-WeatherServer/build/FreeRTOS/Source/portable/MemMang/heap_4.o
 .rodata        0x000000000003ad68      0x260 /home/tony/src/github/FreeRTOS9-Rpi2B-WeatherServer/build/Demo/main.o
                0x000000000003ad9c                qwait4s
 .rodata        0x000000000003afc8      0x25a /home/tony/src/github/FreeRTOS9-Rpi2B-WeatherServer/build/Drivers/video.o
                0x000000000003afc8                font
 *fill*         0x000000000003b222        0x2 
 .rodata        0x000000000003b224       0x3d /home/tony/src/github/FreeRTOS9-Rpi2B-WeatherServer/build/Drivers/lan9514/uspibind.o
 *fill*         0x000000000003b261        0x3 
 .rodata        0x000000000003b264      0x16f /home/tony/src/github/FreeRTOS9-Rpi2B-WeatherServer/build/Drivers/lan9514/lib/uspilibrary.o
 *fill*         0x000000000003b3d3        0x1 
 .rodata        0x000000000003b3d4      0x616 /home/tony/src/github/FreeRTOS9-Rpi2B-WeatherServer/build/Drivers/lan9514/lib/dwhcidevice.o
 *fill*         0x000000000003b9ea        0x2 
 .rodata        0x000000000003b9ec       0xd9 /home/tony/src/github/FreeRTOS9-Rpi2B-WeatherServer/build/Drivers/lan9514/lib/dwhciregister.o
 *fill*         0x000000000003bac5        0x3 
 .rodata        0x000000000003bac8      0x219 /home/tony/src/github/FreeRTOS9-Rpi2B-WeatherServer/build/Drivers/lan9514/lib/dwhcixferstagedata.o
 *fill*         0x000000000003bce1        0x3 
 .rodata        0x000000000003bce4       0xf3 /home/tony/src/github/FreeRTOS9-Rpi2B-WeatherServer/build/Drivers/lan9514/lib/usbconfigparser.o
 *fill*         0x000000000003bdd7        0x1 
 .rodata        0x000000000003bdd8      0x33d /home/tony/src/github/FreeRTOS9-Rpi2B-WeatherServer/build/Drivers/lan9514/lib/usbdevice.o
 *fill*         0x000000000003c115        0x3 
 .rodata        0x000000000003c118       0xef /home/tony/src/github/FreeRTOS9-Rpi2B-WeatherServer/build/Drivers/lan9514/lib/usbdevicefactory.o
 *fill*         0x000000000003c207        0x1 
 .rodata        0x000000000003c208      0x1d2 /home/tony/src/github/FreeRTOS9-Rpi2B-WeatherServer/build/Drivers/lan9514/lib/usbendpoint.o
 *fill*         0x000000000003c3da        0x2 
 .rodata        0x000000000003c3dc      0x13d /home/tony/src/github/FreeRTOS9-Rpi2B-WeatherServer/build/Drivers/lan9514/lib/usbrequest.o
 *fill*         0x000000000003c519        0x3 
 .rodata        0x000000000003c51c      0x3cb /home/tony/src/github/FreeRTOS9-Rpi2B-WeatherServer/build/Drivers/lan9514/lib/usbstandardhub.o
 *fill*         0x000000000003c8e7        0x1 
 .rodata        0x000000000003c8e8       0xf1 /home/tony/src/github/FreeRTOS9-Rpi2B-WeatherServer/build/Drivers/lan9514/lib/devicenameservice.o
 *fill*         0x000000000003c9d9        0x3 
 .rodata        0x000000000003c9dc       0xc2 /home/tony/src/github/FreeRTOS9-Rpi2B-WeatherServer/build/Drivers/lan9514/lib/macaddress.o
 *fill*         0x000000000003ca9e        0x2 
 .rodata        0x000000000003caa0      0x2c6 /home/tony/src/github/FreeRTOS9-Rpi2B-WeatherServer/build/Drivers/lan9514/lib/smsc951x.o
 *fill*         0x000000000003cd66        0x2 
 .rodata        0x000000000003cd68       0x61 /home/tony/src/github/FreeRTOS9-Rpi2B-WeatherServer/build/Drivers/lan9514/lib/string.o
 *fill*         0x000000000003cdc9        0x3 
 .rodata        0x000000000003cdcc      0x2fc /home/tony/src/github/FreeRTOS9-Rpi2B-WeatherServer/build/Drivers/lan9514/lib/usbmassdevice.o
 .rodata        0x000000000003d0c8       0xb0 /home/tony/src/github/FreeRTOS9-Rpi2B-WeatherServer/build/Drivers/lan9514/lib/dwhciframeschednper.o
 .rodata        0x000000000003d178       0xb0 /home/tony/src/github/FreeRTOS9-Rpi2B-WeatherServer/build/Drivers/lan9514/lib/dwhciframeschedper.o
 .rodata        0x000000000003d228      0x2bd /home/tony/src/github/FreeRTOS9-Rpi2B-WeatherServer/build/Drivers/lan9514/lib/keymap.o
 *fill*         0x000000000003d4e5        0x3 
 .rodata        0x000000000003d4e8      0x1e2 /home/tony/src/github/FreeRTOS9-Rpi2B-WeatherServer/build/Drivers/lan9514/lib/usbkeyboard.o
 *fill*         0x000000000003d6ca        0x2 
 .rodata        0x000000000003d6cc      0x153 /home/tony/src/github/FreeRTOS9-Rpi2B-WeatherServer/build/Drivers/lan9514/lib/dwhcirootport.o
 *fill*         0x000000000003d81f        0x1 
 .rodata        0x000000000003d820      0x17e /home/tony/src/github/FreeRTOS9-Rpi2B-WeatherServer/build/Drivers/lan9514/lib/usbmouse.o
 *fill*         0x000000000003d99e        0x2 
 .rodata        0x000000000003d9a0       0x6e /home/tony/src/github/FreeRTOS9-Rpi2B-WeatherServer/build/Drivers/lan9514/lib/dwhciframeschednsplit.o
 *fill*         0x000000000003da0e        0x2 
 .rodata        0x000000000003da10      0x1a2 /home/tony/src/github/FreeRTOS9-Rpi2B-WeatherServer/build/Drivers/lan9514/lib/usbgamepad.o
 *fill*         0x000000000003dbb2        0x2 
 .rodata        0x000000000003dbb4       0x6e /home/tony/src/github/FreeRTOS9-Rpi2B-WeatherServer/build/Drivers/lan9514/lib/synchronize.o
 *fill*         0x000000000003dc22        0x2 
 .rodata        0x000000000003dc24      0x195 /home/tony/src/github/FreeRTOS9-Rpi2B-WeatherServer/build/Drivers/lan9514/lib/usbstring.o
 *fill*         0x000000000003ddb9        0x3 
 .rodata        0x000000000003ddbc       0x26 /home/tony/src/github/FreeRTOS9-Rpi2B-WeatherServer/build/Drivers/FreeRTOS-Plus-TCP/FreeRTOS_ARP.o
 *fill*         0x000000000003dde2        0x2 
 .rodata        0x000000000003dde4        0xc /home/tony/src/github/FreeRTOS9-Rpi2B-WeatherServer/build/Drivers/FreeRTOS-Plus-TCP/FreeRTOS_DNS.o
 .rodata        0x000000000003ddf0       0xdc /home/tony/src/github/FreeRTOS9-Rpi2B-WeatherServer/build/Drivers/FreeRTOS-Plus-TCP/FreeRTOS_IP.o
                0x000000000003ddf0                xBroadcastMACAddress
 .rodata        0x000000000003decc      0x253 /home/tony/src/github/FreeRTOS9-Rpi2B-WeatherServer/build/Drivers/FreeRTOS-Plus-TCP/FreeRTOS_Sockets.o
 *fill*         0x000000000003e11f        0x1 
 .rodata        0x000000000003e120      0x220 /home/tony/src/github/FreeRTOS9-Rpi2B-WeatherServer/build/Drivers/FreeRTOS-Plus-TCP/FreeRTOS_TCP_IP.o
 .rodata        0x000000000003e340       0x17 /home/tony/src/github/FreeRTOS9-Rpi2B-WeatherServer/build/Drivers/FreeRTOS-Plus-TCP/portable/BufferManagement/BufferAllocation_2.o
                0x000000000003e340                xBufferAllocFixedSize
 *fill*         0x000000000003e357        0x1 
 .rodata        0x000000000003e358       0xed /home/tony/src/github/FreeRTOS9-Rpi2B-WeatherServer/build/Drivers/FreeRTOS-Plus-TCP/portable/NetworkInterface.o

.glue_7         0x000000000003e448        0x0
 .glue_7        0x000000000003e448        0x0 linker stubs

.glue_7t        0x000000000003e448        0x0
 .glue_7t       0x000000000003e448        0x0 linker stubs

.vfp11_veneer   0x000000000003e448        0x0
 .vfp11_veneer  0x000000000003e448        0x0 linker stubs

.v4_bx          0x000000000003e448        0x0
 .v4_bx         0x000000000003e448        0x0 linker stubs

.iplt           0x000000000003e448        0x0
 .iplt          0x000000000003e448        0x0 /home/tony/src/github/FreeRTOS9-Rpi2B-WeatherServer/build/FreeRTOS/Source/portable/GCC/RaspberryPi/port.o

.text.memcpy    0x000000000003e448       0xf0
 .text.memcpy   0x000000000003e448       0xf0 /usr/lib/arm-none-eabi/lib/libc.a(lib_a-memcpy.o)
                0x000000000003e448                memcpy

.rel.dyn        0x000000000003e538        0x0
 .rel.iplt      0x000000000003e538        0x0 /home/tony/src/github/FreeRTOS9-Rpi2B-WeatherServer/build/FreeRTOS/Source/portable/GCC/RaspberryPi/port.o

.data           0x000000000003e538      0x154
 *(.data)
 .data          0x000000000003e538        0x0 /home/tony/src/github/FreeRTOS9-Rpi2B-WeatherServer/build/FreeRTOS/Source/portable/GCC/RaspberryPi/port.o
 .data          0x000000000003e538        0x4 /home/tony/src/github/FreeRTOS9-Rpi2B-WeatherServer/build/FreeRTOS/Source/portable/GCC/RaspberryPi/portisr.o
                0x000000000003e538                ulCriticalNesting
 .data          0x000000000003e53c        0x0 /home/tony/src/github/FreeRTOS9-Rpi2B-WeatherServer/build/FreeRTOS/Source/croutine.o
 .data          0x000000000003e53c        0x0 /home/tony/src/github/FreeRTOS9-Rpi2B-WeatherServer/build/FreeRTOS/Source/list.o
 .data          0x000000000003e53c        0x0 /home/tony/src/github/FreeRTOS9-Rpi2B-WeatherServer/build/FreeRTOS/Source/queue.o
 .data          0x000000000003e53c        0x0 /home/tony/src/github/FreeRTOS9-Rpi2B-WeatherServer/build/FreeRTOS/Source/tasks.o
 .data          0x000000000003e53c        0x0 /home/tony/src/github/FreeRTOS9-Rpi2B-WeatherServer/build/FreeRTOS/Source/event_groups.o
 .data          0x000000000003e53c        0x0 /home/tony/src/github/FreeRTOS9-Rpi2B-WeatherServer/build/Drivers/interrupts.o
 .data          0x000000000003e53c        0x0 /home/tony/src/github/FreeRTOS9-Rpi2B-WeatherServer/build/Drivers/gpio.o
 .data          0x000000000003e53c        0x0 /home/tony/src/github/FreeRTOS9-Rpi2B-WeatherServer/build/FreeRTOS/Source/portable/MemMang/heap_4.o
 .data          0x000000000003e53c        0x0 /home/tony/src/github/FreeRTOS9-Rpi2B-WeatherServer/build/Demo/startup.o
 .data          0x000000000003e53c        0x0 /home/tony/src/github/FreeRTOS9-Rpi2B-WeatherServer/build/Demo/main.o
 .data          0x000000000003e53c        0x0 /home/tony/src/github/FreeRTOS9-Rpi2B-WeatherServer/build/Demo/cpuinfo.o
 .data          0x000000000003e53c       0x10 /home/tony/src/github/FreeRTOS9-Rpi2B-WeatherServer/build/Demo/onewire.o
 .data          0x000000000003e54c        0x4 /home/tony/src/github/FreeRTOS9-Rpi2B-WeatherServer/build/Demo/ds18b20.o
 .data          0x000000000003e550        0x0 /home/tony/src/github/FreeRTOS9-Rpi2B-WeatherServer/build/Drivers/mailbox.o
 .data          0x000000000003e550        0x0 /home/tony/src/github/FreeRTOS9-Rpi2B-WeatherServer/build/Demo/trace.o
 .data          0x000000000003e550        0x4 /home/tony/src/github/FreeRTOS9-Rpi2B-WeatherServer/build/Drivers/mem.o
                0x000000000003e550                next
 .data          0x000000000003e554        0x0 /home/tony/src/github/FreeRTOS9-Rpi2B-WeatherServer/build/Drivers/video.o
 .data          0x000000000003e554        0x0 /home/tony/src/github/FreeRTOS9-Rpi2B-WeatherServer/build/Drivers/lan9514/uspibind.o
 .data          0x000000000003e554        0x0 /home/tony/src/github/FreeRTOS9-Rpi2B-WeatherServer/build/Drivers/lan9514/lib/uspilibrary.o
 .data          0x000000000003e554        0x0 /home/tony/src/github/FreeRTOS9-Rpi2B-WeatherServer/build/Drivers/lan9514/lib/dwhcidevice.o
 .data          0x000000000003e554        0x0 /home/tony/src/github/FreeRTOS9-Rpi2B-WeatherServer/build/Drivers/lan9514/lib/dwhciregister.o
 .data          0x000000000003e554        0x0 /home/tony/src/github/FreeRTOS9-Rpi2B-WeatherServer/build/Drivers/lan9514/lib/dwhcixferstagedata.o
 .data          0x000000000003e554        0x0 /home/tony/src/github/FreeRTOS9-Rpi2B-WeatherServer/build/Drivers/lan9514/lib/usbconfigparser.o
 .data          0x000000000003e554        0x1 /home/tony/src/github/FreeRTOS9-Rpi2B-WeatherServer/build/Drivers/lan9514/lib/usbdevice.o
 .data          0x000000000003e555        0x0 /home/tony/src/github/FreeRTOS9-Rpi2B-WeatherServer/build/Drivers/lan9514/lib/usbdevicefactory.o
 .data          0x000000000003e555        0x0 /home/tony/src/github/FreeRTOS9-Rpi2B-WeatherServer/build/Drivers/lan9514/lib/usbendpoint.o
 .data          0x000000000003e555        0x0 /home/tony/src/github/FreeRTOS9-Rpi2B-WeatherServer/build/Drivers/lan9514/lib/usbrequest.o
 .data          0x000000000003e555        0x0 /home/tony/src/github/FreeRTOS9-Rpi2B-WeatherServer/build/Drivers/lan9514/lib/usbstandardhub.o
 .data          0x000000000003e555        0x0 /home/tony/src/github/FreeRTOS9-Rpi2B-WeatherServer/build/Drivers/lan9514/lib/devicenameservice.o
 .data          0x000000000003e555        0x0 /home/tony/src/github/FreeRTOS9-Rpi2B-WeatherServer/build/Drivers/lan9514/lib/macaddress.o
 .data          0x000000000003e555        0x0 /home/tony/src/github/FreeRTOS9-Rpi2B-WeatherServer/build/Drivers/lan9514/lib/smsc951x.o
 .data          0x000000000003e555        0x0 /home/tony/src/github/FreeRTOS9-Rpi2B-WeatherServer/build/Drivers/lan9514/lib/string.o
 .data          0x000000000003e555        0x0 /home/tony/src/github/FreeRTOS9-Rpi2B-WeatherServer/build/Drivers/lan9514/lib/util.o
 *fill*         0x000000000003e555        0x3 
 .data          0x000000000003e558        0x4 /home/tony/src/github/FreeRTOS9-Rpi2B-WeatherServer/build/Drivers/lan9514/lib/usbmassdevice.o
 .data          0x000000000003e55c        0x0 /home/tony/src/github/FreeRTOS9-Rpi2B-WeatherServer/build/Drivers/lan9514/lib/dwhciframeschednper.o
 .data          0x000000000003e55c        0x0 /home/tony/src/github/FreeRTOS9-Rpi2B-WeatherServer/build/Drivers/lan9514/lib/dwhciframeschedper.o
 .data          0x000000000003e55c       0xcc /home/tony/src/github/FreeRTOS9-Rpi2B-WeatherServer/build/Drivers/lan9514/lib/keymap.o
 .data          0x000000000003e628        0x4 /home/tony/src/github/FreeRTOS9-Rpi2B-WeatherServer/build/Drivers/lan9514/lib/usbkeyboard.o
 .data          0x000000000003e62c        0x0 /home/tony/src/github/FreeRTOS9-Rpi2B-WeatherServer/build/Drivers/lan9514/lib/dwhcirootport.o
 .data          0x000000000003e62c        0x4 /home/tony/src/github/FreeRTOS9-Rpi2B-WeatherServer/build/Drivers/lan9514/lib/usbmouse.o
 .data          0x000000000003e630        0x0 /home/tony/src/github/FreeRTOS9-Rpi2B-WeatherServer/build/Drivers/lan9514/lib/dwhciframeschednsplit.o
 .data          0x000000000003e630       0x39 /home/tony/src/github/FreeRTOS9-Rpi2B-WeatherServer/build/Drivers/lan9514/lib/usbgamepad.o
 .data          0x000000000003e669        0x0 /home/tony/src/github/FreeRTOS9-Rpi2B-WeatherServer/build/Drivers/lan9514/lib/synchronize.o
 .data          0x000000000003e669        0x0 /home/tony/src/github/FreeRTOS9-Rpi2B-WeatherServer/build/Drivers/lan9514/lib/usbstring.o
 .data          0x000000000003e669        0x0 /home/tony/src/github/FreeRTOS9-Rpi2B-WeatherServer/build/Drivers/FreeRTOS-Plus-TCP/FreeRTOS_ARP.o
 .data          0x000000000003e669        0x0 /home/tony/src/github/FreeRTOS9-Rpi2B-WeatherServer/build/Drivers/FreeRTOS-Plus-TCP/FreeRTOS_DHCP.o
 .data          0x000000000003e669        0x0 /home/tony/src/github/FreeRTOS9-Rpi2B-WeatherServer/build/Drivers/FreeRTOS-Plus-TCP/FreeRTOS_DNS.o
 .data          0x000000000003e669        0x0 /home/tony/src/github/FreeRTOS9-Rpi2B-WeatherServer/build/Drivers/FreeRTOS-Plus-TCP/FreeRTOS_IP.o
 .data          0x000000000003e669        0x0 /home/tony/src/github/FreeRTOS9-Rpi2B-WeatherServer/build/Drivers/FreeRTOS-Plus-TCP/FreeRTOS_Sockets.o
 .data          0x000000000003e669        0x0 /home/tony/src/github/FreeRTOS9-Rpi2B-WeatherServer/build/Drivers/FreeRTOS-Plus-TCP/FreeRTOS_Stream_Buffer.o
 .data          0x000000000003e669        0x0 /home/tony/src/github/FreeRTOS9-Rpi2B-WeatherServer/build/Drivers/FreeRTOS-Plus-TCP/FreeRTOS_TCP_IP.o
 .data          0x000000000003e669        0x0 /home/tony/src/github/FreeRTOS9-Rpi2B-WeatherServer/build/Drivers/FreeRTOS-Plus-TCP/FreeRTOS_TCP_WIN.o
 *fill*         0x000000000003e669        0x3 
 .data          0x000000000003e66c       0x18 /home/tony/src/github/FreeRTOS9-Rpi2B-WeatherServer/build/Drivers/FreeRTOS-Plus-TCP/FreeRTOS_UDP_IP.o
                0x000000000003e66c                xDefaultPartUDPPacketHeader
 .data          0x000000000003e684        0x0 /home/tony/src/github/FreeRTOS9-Rpi2B-WeatherServer/build/Drivers/FreeRTOS-Plus-TCP/portable/BufferManagement/BufferAllocation_2.o
 .data          0x000000000003e684        0x8 /home/tony/src/github/FreeRTOS9-Rpi2B-WeatherServer/build/Drivers/FreeRTOS-Plus-TCP/portable/NetworkInterface.o
 .data          0x000000000003e68c        0x0 /usr/lib/gcc/arm-none-eabi/4.9.3/libgcc.a(_udivsi3.o)
 .data          0x000000000003e68c        0x0 /usr/lib/gcc/arm-none-eabi/4.9.3/libgcc.a(_dvmd_tls.o)
 .data          0x000000000003e68c        0x0 /usr/lib/arm-none-eabi/lib/libc.a(lib_a-memcpy.o)

.igot.plt       0x000000000003e68c        0x0
 .igot.plt      0x000000000003e68c        0x0 /home/tony/src/github/FreeRTOS9-Rpi2B-WeatherServer/build/FreeRTOS/Source/portable/GCC/RaspberryPi/port.o

.bss            0x000000000003e690    0x1ec30
                0x000000000003e690                __bss_start = .
 *(.bss)
 .bss           0x000000000003e690        0x0 /home/tony/src/github/FreeRTOS9-Rpi2B-WeatherServer/build/FreeRTOS/Source/portable/GCC/RaspberryPi/port.o
 .bss           0x000000000003e690        0x4 /home/tony/src/github/FreeRTOS9-Rpi2B-WeatherServer/build/FreeRTOS/Source/portable/GCC/RaspberryPi/portisr.o
                0x000000000003e690                g_bStarted
 .bss           0x000000000003e694       0x80 /home/tony/src/github/FreeRTOS9-Rpi2B-WeatherServer/build/FreeRTOS/Source/croutine.o
                0x000000000003e700                pxCurrentCoRoutine
 .bss           0x000000000003e714        0x0 /home/tony/src/github/FreeRTOS9-Rpi2B-WeatherServer/build/FreeRTOS/Source/list.o
 .bss           0x000000000003e714        0x0 /home/tony/src/github/FreeRTOS9-Rpi2B-WeatherServer/build/FreeRTOS/Source/queue.o
 .bss           0x000000000003e714       0xf0 /home/tony/src/github/FreeRTOS9-Rpi2B-WeatherServer/build/FreeRTOS/Source/tasks.o
                0x000000000003e714                pxCurrentTCB
 .bss           0x000000000003e804        0x0 /home/tony/src/github/FreeRTOS9-Rpi2B-WeatherServer/build/FreeRTOS/Source/event_groups.o
 .bss           0x000000000003e804      0x240 /home/tony/src/github/FreeRTOS9-Rpi2B-WeatherServer/build/Drivers/interrupts.o
 .bss           0x000000000003ea44        0x0 /home/tony/src/github/FreeRTOS9-Rpi2B-WeatherServer/build/Drivers/gpio.o
 .bss           0x000000000003ea44    0x1e018 /home/tony/src/github/FreeRTOS9-Rpi2B-WeatherServer/build/FreeRTOS/Source/portable/MemMang/heap_4.o
 .bss           0x000000000005ca5c        0x0 /home/tony/src/github/FreeRTOS9-Rpi2B-WeatherServer/build/Demo/startup.o
 .bss           0x000000000005ca5c        0x0 /home/tony/src/github/FreeRTOS9-Rpi2B-WeatherServer/build/Demo/main.o
 .bss           0x000000000005ca5c        0x0 /home/tony/src/github/FreeRTOS9-Rpi2B-WeatherServer/build/Demo/cpuinfo.o
 .bss           0x000000000005ca5c        0x0 /home/tony/src/github/FreeRTOS9-Rpi2B-WeatherServer/build/Demo/onewire.o
 .bss           0x000000000005ca5c        0x8 /home/tony/src/github/FreeRTOS9-Rpi2B-WeatherServer/build/Demo/ds18b20.o
 .bss           0x000000000005ca64        0x0 /home/tony/src/github/FreeRTOS9-Rpi2B-WeatherServer/build/Drivers/mailbox.o
 .bss           0x000000000005ca64        0x4 /home/tony/src/github/FreeRTOS9-Rpi2B-WeatherServer/build/Demo/trace.o
                0x000000000005ca64                depth
 .bss           0x000000000005ca68        0x0 /home/tony/src/github/FreeRTOS9-Rpi2B-WeatherServer/build/Drivers/mem.o
 .bss           0x000000000005ca68        0xc /home/tony/src/github/FreeRTOS9-Rpi2B-WeatherServer/build/Drivers/video.o
                0x000000000005ca68                loaded
                0x000000000005ca6c                position_x
                0x000000000005ca70                position_y
 .bss           0x000000000005ca74        0x0 /home/tony/src/github/FreeRTOS9-Rpi2B-WeatherServer/build/Drivers/lan9514/uspibind.o
 .bss           0x000000000005ca74        0x4 /home/tony/src/github/FreeRTOS9-Rpi2B-WeatherServer/build/Drivers/lan9514/lib/uspilibrary.o
 .bss           0x000000000005ca78        0x0 /home/tony/src/github/FreeRTOS9-Rpi2B-WeatherServer/build/Drivers/lan9514/lib/dwhcidevice.o
 .bss           0x000000000005ca78        0x0 /home/tony/src/github/FreeRTOS9-Rpi2B-WeatherServer/build/Drivers/lan9514/lib/dwhciregister.o
 .bss           0x000000000005ca78        0x0 /home/tony/src/github/FreeRTOS9-Rpi2B-WeatherServer/build/Drivers/lan9514/lib/dwhcixferstagedata.o
 .bss           0x000000000005ca78        0x0 /home/tony/src/github/FreeRTOS9-Rpi2B-WeatherServer/build/Drivers/lan9514/lib/usbconfigparser.o
 .bss           0x000000000005ca78        0x0 /home/tony/src/github/FreeRTOS9-Rpi2B-WeatherServer/build/Drivers/lan9514/lib/usbdevice.o
 .bss           0x000000000005ca78        0x0 /home/tony/src/github/FreeRTOS9-Rpi2B-WeatherServer/build/Drivers/lan9514/lib/usbdevicefactory.o
 .bss           0x000000000005ca78        0x0 /home/tony/src/github/FreeRTOS9-Rpi2B-WeatherServer/build/Drivers/lan9514/lib/usbendpoint.o
 .bss           0x000000000005ca78        0x0 /home/tony/src/github/FreeRTOS9-Rpi2B-WeatherServer/build/Drivers/lan9514/lib/usbrequest.o
 .bss           0x000000000005ca78        0x0 /home/tony/src/github/FreeRTOS9-Rpi2B-WeatherServer/build/Drivers/lan9514/lib/usbstandardhub.o
 .bss           0x000000000005ca78        0x4 /home/tony/src/github/FreeRTOS9-Rpi2B-WeatherServer/build/Drivers/lan9514/lib/devicenameservice.o
 .bss           0x000000000005ca7c        0x0 /home/tony/src/github/FreeRTOS9-Rpi2B-WeatherServer/build/Drivers/lan9514/lib/macaddress.o
 .bss           0x000000000005ca7c        0x4 /home/tony/src/github/FreeRTOS9-Rpi2B-WeatherServer/build/Drivers/lan9514/lib/smsc951x.o
 .bss           0x000000000005ca80        0x0 /home/tony/src/github/FreeRTOS9-Rpi2B-WeatherServer/build/Drivers/lan9514/lib/string.o
 .bss           0x000000000005ca80        0x0 /home/tony/src/github/FreeRTOS9-Rpi2B-WeatherServer/build/Drivers/lan9514/lib/util.o
 .bss           0x000000000005ca80        0x0 /home/tony/src/github/FreeRTOS9-Rpi2B-WeatherServer/build/Drivers/lan9514/lib/usbmassdevice.o
 .bss           0x000000000005ca80        0x0 /home/tony/src/github/FreeRTOS9-Rpi2B-WeatherServer/build/Drivers/lan9514/lib/dwhciframeschednper.o
 .bss           0x000000000005ca80        0x0 /home/tony/src/github/FreeRTOS9-Rpi2B-WeatherServer/build/Drivers/lan9514/lib/dwhciframeschedper.o
 .bss           0x000000000005ca80        0x0 /home/tony/src/github/FreeRTOS9-Rpi2B-WeatherServer/build/Drivers/lan9514/lib/keymap.o
 .bss           0x000000000005ca80        0x0 /home/tony/src/github/FreeRTOS9-Rpi2B-WeatherServer/build/Drivers/lan9514/lib/usbkeyboard.o
 .bss           0x000000000005ca80        0x0 /home/tony/src/github/FreeRTOS9-Rpi2B-WeatherServer/build/Drivers/lan9514/lib/dwhcirootport.o
 .bss           0x000000000005ca80        0x0 /home/tony/src/github/FreeRTOS9-Rpi2B-WeatherServer/build/Drivers/lan9514/lib/usbmouse.o
[...]
 .comment       0x0000000000000038       0x39 /home/tony/src/github/FreeRTOS9-Rpi2B-WeatherServer/build/Drivers/lan9514/lib/usbkeyboard.o
 .comment       0x0000000000000038       0x39 /home/tony/src/github/FreeRTOS9-Rpi2B-WeatherServer/build/Drivers/lan9514/lib/dwhcirootport.o
 .comment       0x0000000000000038       0x39 /home/tony/src/github/FreeRTOS9-Rpi2B-WeatherServer/build/Drivers/lan9514/lib/usbmouse.o
 .comment       0x0000000000000038       0x39 /home/tony/src/github/FreeRTOS9-Rpi2B-WeatherServer/build/Drivers/lan9514/lib/dwhciframeschednsplit.o
 .comment       0x0000000000000038       0x39 /home/tony/src/github/FreeRTOS9-Rpi2B-WeatherServer/build/Drivers/lan9514/lib/usbgamepad.o
 .comment       0x0000000000000038       0x39 /home/tony/src/github/FreeRTOS9-Rpi2B-WeatherServer/build/Drivers/lan9514/lib/synchronize.o
 .comment       0x0000000000000038       0x39 /home/tony/src/github/FreeRTOS9-Rpi2B-WeatherServer/build/Drivers/lan9514/lib/usbstring.o
 .comment       0x0000000000000038       0x39 /home/tony/src/github/FreeRTOS9-Rpi2B-WeatherServer/build/Drivers/FreeRTOS-Plus-TCP/FreeRTOS_ARP.o
 .comment       0x0000000000000038       0x39 /home/tony/src/github/FreeRTOS9-Rpi2B-WeatherServer/build/Drivers/FreeRTOS-Plus-TCP/FreeRTOS_DHCP.o
 .comment       0x0000000000000038       0x39 /home/tony/src/github/FreeRTOS9-Rpi2B-WeatherServer/build/Drivers/FreeRTOS-Plus-TCP/FreeRTOS_DNS.o
 .comment       0x0000000000000038       0x39 /home/tony/src/github/FreeRTOS9-Rpi2B-WeatherServer/build/Drivers/FreeRTOS-Plus-TCP/FreeRTOS_IP.o
 .comment       0x0000000000000038       0x39 /home/tony/src/github/FreeRTOS9-Rpi2B-WeatherServer/build/Drivers/FreeRTOS-Plus-TCP/FreeRTOS_Sockets.o
 .comment       0x0000000000000038       0x39 /home/tony/src/github/FreeRTOS9-Rpi2B-WeatherServer/build/Drivers/FreeRTOS-Plus-TCP/FreeRTOS_Stream_Buffer.o
 .comment       0x0000000000000038       0x39 /home/tony/src/github/FreeRTOS9-Rpi2B-WeatherServer/build/Drivers/FreeRTOS-Plus-TCP/FreeRTOS_TCP_IP.o
 .comment       0x0000000000000038       0x39 /home/tony/src/github/FreeRTOS9-Rpi2B-WeatherServer/build/Drivers/FreeRTOS-Plus-TCP/FreeRTOS_TCP_WIN.o
 .comment       0x0000000000000038       0x39 /home/tony/src/github/FreeRTOS9-Rpi2B-WeatherServer/build/Drivers/FreeRTOS-Plus-TCP/FreeRTOS_UDP_IP.o
 .comment       0x0000000000000038       0x39 /home/tony/src/github/FreeRTOS9-Rpi2B-WeatherServer/build/Drivers/FreeRTOS-Plus-TCP/portable/BufferManagement/BufferAllocation_2.o
 .comment       0x0000000000000038       0x39 /home/tony/src/github/FreeRTOS9-Rpi2B-WeatherServer/build/Drivers/FreeRTOS-Plus-TCP/portable/NetworkInterface.o
 .comment       0x0000000000000038       0x38 /usr/lib/arm-none-eabi/lib/libc.a(lib_a-memcpy.o)
                                         0x39 (size before relaxing)

.ARM.attributes
                0x0000000000000000       0x2f
 .ARM.attributes
                0x0000000000000000       0x2f /home/tony/src/github/FreeRTOS9-Rpi2B-WeatherServer/build/FreeRTOS/Source/portable/GCC/RaspberryPi/port.o
 .ARM.attributes
                0x000000000000002f       0x2f /home/tony/src/github/FreeRTOS9-Rpi2B-WeatherServer/build/FreeRTOS/Source/portable/GCC/RaspberryPi/portisr.o
 .ARM.attributes
                0x000000000000005e       0x2f /home/tony/src/github/FreeRTOS9-Rpi2B-WeatherServer/build/FreeRTOS/Source/croutine.o
 .ARM.attributes
                0x000000000000008d       0x2f /home/tony/src/github/FreeRTOS9-Rpi2B-WeatherServer/build/FreeRTOS/Source/list.o
 .ARM.attributes
                0x00000000000000bc       0x2f /home/tony/src/github/FreeRTOS9-Rpi2B-WeatherServer/build/FreeRTOS/Source/queue.o
 .ARM.attributes
                0x00000000000000eb       0x2f /home/tony/src/github/FreeRTOS9-Rpi2B-WeatherServer/build/FreeRTOS/Source/tasks.o
 .ARM.attributes
                0x000000000000011a       0x2f /home/tony/src/github/FreeRTOS9-Rpi2B-WeatherServer/build/FreeRTOS/Source/event_groups.o
 .ARM.attributes
                0x0000000000000149       0x2f /home/tony/src/github/FreeRTOS9-Rpi2B-WeatherServer/build/Drivers/interrupts.o
 .ARM.attributes
                0x0000000000000178       0x2f /home/tony/src/github/FreeRTOS9-Rpi2B-WeatherServer/build/Drivers/gpio.o
 .ARM.attributes
                0x00000000000001a7       0x2f /home/tony/src/github/FreeRTOS9-Rpi2B-WeatherServer/build/FreeRTOS/Source/portable/MemMang/heap_4.o
 .ARM.attributes
                0x00000000000001d6       0x18 /home/tony/src/github/FreeRTOS9-Rpi2B-WeatherServer/build/Demo/startup.o
 .ARM.attributes
                0x00000000000001ee       0x2f /home/tony/src/github/FreeRTOS9-Rpi2B-WeatherServer/build/Demo/main.o
 .ARM.attributes
                0x000000000000021d       0x14 /home/tony/src/github/FreeRTOS9-Rpi2B-WeatherServer/build/Demo/cpuinfo.o
 .ARM.attributes
                0x0000000000000231       0x2f /home/tony/src/github/FreeRTOS9-Rpi2B-WeatherServer/build/Demo/onewire.o
 .ARM.attributes
                0x0000000000000260       0x2f /home/tony/src/github/FreeRTOS9-Rpi2B-WeatherServer/build/Demo/ds18b20.o
 .ARM.attributes
                0x000000000000028f       0x2f /home/tony/src/github/FreeRTOS9-Rpi2B-WeatherServer/build/Drivers/mailbox.o
 .ARM.attributes
                0x00000000000002be       0x2f /home/tony/src/github/FreeRTOS9-Rpi2B-WeatherServer/build/Demo/trace.o
 .ARM.attributes
                0x00000000000002ed       0x2f /home/tony/src/github/FreeRTOS9-Rpi2B-WeatherServer/build/Drivers/mem.o
 .ARM.attributes
                0x000000000000031c       0x2f /home/tony/src/github/FreeRTOS9-Rpi2B-WeatherServer/build/Drivers/video.o
 .ARM.attributes
                0x000000000000034b       0x2f /home/tony/src/github/FreeRTOS9-Rpi2B-WeatherServer/build/Drivers/lan9514/uspibind.o
 .ARM.attributes
                0x000000000000037a       0x2f /home/tony/src/github/FreeRTOS9-Rpi2B-WeatherServer/build/Drivers/lan9514/lib/uspilibrary.o
 .ARM.attributes
                0x00000000000003a9       0x2f /home/tony/src/github/FreeRTOS9-Rpi2B-WeatherServer/build/Drivers/lan9514/lib/dwhcidevice.o
 .ARM.attributes
                0x00000000000003d8       0x2f /home/tony/src/github/FreeRTOS9-Rpi2B-WeatherServer/build/Drivers/lan9514/lib/dwhciregister.o
 .ARM.attributes
                0x0000000000000407       0x2f /home/tony/src/github/FreeRTOS9-Rpi2B-WeatherServer/build/Drivers/lan9514/lib/dwhcixferstagedata.o
 .ARM.attributes
                0x0000000000000436       0x2f /home/tony/src/github/FreeRTOS9-Rpi2B-WeatherServer/build/Drivers/lan9514/lib/usbconfigparser.o
 .ARM.attributes
                0x0000000000000465       0x2f /home/tony/src/github/FreeRTOS9-Rpi2B-WeatherServer/build/Drivers/lan9514/lib/usbdevice.o
 .ARM.attributes
                0x0000000000000494       0x2f /home/tony/src/github/FreeRTOS9-Rpi2B-WeatherServer/build/Drivers/lan9514/lib/usbdevicefactory.o
 .ARM.attributes
                0x00000000000004c3       0x2f /home/tony/src/github/FreeRTOS9-Rpi2B-WeatherServer/build/Drivers/lan9514/lib/usbendpoint.o
 .ARM.attributes
                0x00000000000004f2       0x2f /home/tony/src/github/FreeRTOS9-Rpi2B-WeatherServer/build/Drivers/lan9514/lib/usbrequest.o
 .ARM.attributes
                0x0000000000000521       0x2f /home/tony/src/github/FreeRTOS9-Rpi2B-WeatherServer/build/Drivers/lan9514/lib/usbstandardhub.o
 .ARM.attributes
                0x0000000000000550       0x2f /home/tony/src/github/FreeRTOS9-Rpi2B-WeatherServer/build/Drivers/lan9514/lib/devicenameservice.o
 .ARM.attributes
                0x000000000000057f       0x2f /home/tony/src/github/FreeRTOS9-Rpi2B-WeatherServer/build/Drivers/lan9514/lib/macaddress.o
 .ARM.attributes
                0x00000000000005ae       0x2f /home/tony/src/github/FreeRTOS9-Rpi2B-WeatherServer/build/Drivers/lan9514/lib/smsc951x.o
 .ARM.attributes
                0x00000000000005dd       0x2f /home/tony/src/github/FreeRTOS9-Rpi2B-WeatherServer/build/Drivers/lan9514/lib/string.o
 .ARM.attributes
                0x000000000000060c       0x2f /home/tony/src/github/FreeRTOS9-Rpi2B-WeatherServer/build/Drivers/lan9514/lib/util.o
 .ARM.attributes
                0x000000000000063b       0x2f /home/tony/src/github/FreeRTOS9-Rpi2B-WeatherServer/build/Drivers/lan9514/lib/usbmassdevice.o
 .ARM.attributes
                0x000000000000066a       0x2f /home/tony/src/github/FreeRTOS9-Rpi2B-WeatherServer/build/Drivers/lan9514/lib/dwhciframeschednper.o
 .ARM.attributes
                0x0000000000000699       0x2f /home/tony/src/github/FreeRTOS9-Rpi2B-WeatherServer/build/Drivers/lan9514/lib/dwhciframeschedper.o
 .ARM.attributes
                0x00000000000006c8       0x2f /home/tony/src/github/FreeRTOS9-Rpi2B-WeatherServer/build/Drivers/lan9514/lib/keymap.o
 .ARM.attributes
                0x00000000000006f7       0x2f /home/tony/src/github/FreeRTOS9-Rpi2B-WeatherServer/build/Drivers/lan9514/lib/usbkeyboard.o
 .ARM.attributes
                0x0000000000000726       0x2f /home/tony/src/github/FreeRTOS9-Rpi2B-WeatherServer/build/Drivers/lan9514/lib/dwhcirootport.o
 .ARM.attributes
                0x0000000000000755       0x2f /home/tony/src/github/FreeRTOS9-Rpi2B-WeatherServer/build/Drivers/lan9514/lib/usbmouse.o
 .ARM.attributes
                0x0000000000000784       0x2f /home/tony/src/github/FreeRTOS9-Rpi2B-WeatherServer/build/Drivers/lan9514/lib/dwhciframeschednsplit.o
 .ARM.attributes
                0x00000000000007b3       0x2f /home/tony/src/github/FreeRTOS9-Rpi2B-WeatherServer/build/Drivers/lan9514/lib/usbgamepad.o
 .ARM.attributes
                0x00000000000007e2       0x2f /home/tony/src/github/FreeRTOS9-Rpi2B-WeatherServer/build/Drivers/lan9514/lib/synchronize.o
 .ARM.attributes
                0x0000000000000811       0x2f /home/tony/src/github/FreeRTOS9-Rpi2B-WeatherServer/build/Drivers/lan9514/lib/usbstring.o
 .ARM.attributes
                0x0000000000000840       0x2f /home/tony/src/github/FreeRTOS9-Rpi2B-WeatherServer/build/Drivers/FreeRTOS-Plus-TCP/FreeRTOS_ARP.o
 .ARM.attributes
                0x000000000000086f       0x2f /home/tony/src/github/FreeRTOS9-Rpi2B-WeatherServer/build/Drivers/FreeRTOS-Plus-TCP/FreeRTOS_DHCP.o
 .ARM.attributes
                0x000000000000089e       0x2f /home/tony/src/github/FreeRTOS9-Rpi2B-WeatherServer/build/Drivers/FreeRTOS-Plus-TCP/FreeRTOS_DNS.o
 .ARM.attributes
                0x00000000000008cd       0x2f /home/tony/src/github/FreeRTOS9-Rpi2B-WeatherServer/build/Drivers/FreeRTOS-Plus-TCP/FreeRTOS_IP.o
 .ARM.attributes
                0x00000000000008fc       0x2f /home/tony/src/github/FreeRTOS9-Rpi2B-WeatherServer/build/Drivers/FreeRTOS-Plus-TCP/FreeRTOS_Sockets.o
 .ARM.attributes
                0x000000000000092b       0x2f /home/tony/src/github/FreeRTOS9-Rpi2B-WeatherServer/build/Drivers/FreeRTOS-Plus-TCP/FreeRTOS_Stream_Buffer.o
 .ARM.attributes
                0x000000000000095a       0x2f /home/tony/src/github/FreeRTOS9-Rpi2B-WeatherServer/build/Drivers/FreeRTOS-Plus-TCP/FreeRTOS_TCP_IP.o
 .ARM.attributes
                0x0000000000000989       0x2f /home/tony/src/github/FreeRTOS9-Rpi2B-WeatherServer/build/Drivers/FreeRTOS-Plus-TCP/FreeRTOS_TCP_WIN.o
 .ARM.attributes
                0x00000000000009b8       0x2f /home/tony/src/github/FreeRTOS9-Rpi2B-WeatherServer/build/Drivers/FreeRTOS-Plus-TCP/FreeRTOS_UDP_IP.o
 .ARM.attributes
                0x00000000000009e7       0x2f /home/tony/src/github/FreeRTOS9-Rpi2B-WeatherServer/build/Drivers/FreeRTOS-Plus-TCP/portable/BufferManagement/BufferAllocation_2.o
 .ARM.attributes
                0x0000000000000a16       0x2f /home/tony/src/github/FreeRTOS9-Rpi2B-WeatherServer/build/Drivers/FreeRTOS-Plus-TCP/portable/NetworkInterface.o
 .ARM.attributes
                0x0000000000000a45       0x18 /usr/lib/gcc/arm-none-eabi/4.9.3/libgcc.a(_udivsi3.o)
 .ARM.attributes
                0x0000000000000a5d       0x18 /usr/lib/gcc/arm-none-eabi/4.9.3/libgcc.a(_dvmd_tls.o)
 .ARM.attributes
                0x0000000000000a75       0x30 /usr/lib/arm-none-eabi/lib/libc.a(lib_a-memcpy.o)

.debug_frame    0x0000000000000000     0x5bd8
 .debug_frame   0x0000000000000000       0xd0 /home/tony/src/github/FreeRTOS9-Rpi2B-WeatherServer/build/FreeRTOS/Source/portable/GCC/RaspberryPi/port.o
 .debug_frame   0x00000000000000d0       0x90 /home/tony/src/github/FreeRTOS9-Rpi2B-WeatherServer/build/FreeRTOS/Source/portable/GCC/RaspberryPi/portisr.o
 .debug_frame   0x0000000000000160       0xf0 /home/tony/src/github/FreeRTOS9-Rpi2B-WeatherServer/build/FreeRTOS/Source/croutine.o
 .debug_frame   0x0000000000000250       0xb0 /home/tony/src/github/FreeRTOS9-Rpi2B-WeatherServer/build/FreeRTOS/Source/list.o
 .debug_frame   0x0000000000000300      0x2f4 /home/tony/src/github/FreeRTOS9-Rpi2B-WeatherServer/build/FreeRTOS/Source/queue.o
 .debug_frame   0x00000000000005f4      0x5cc /home/tony/src/github/FreeRTOS9-Rpi2B-WeatherServer/build/FreeRTOS/Source/tasks.o
 .debug_frame   0x0000000000000bc0      0x150 /home/tony/src/github/FreeRTOS9-Rpi2B-WeatherServer/build/FreeRTOS/Source/event_groups.o
 .debug_frame   0x0000000000000d10      0x14c /home/tony/src/github/FreeRTOS9-Rpi2B-WeatherServer/build/Drivers/interrupts.o
 .debug_frame   0x0000000000000e5c      0x110 /home/tony/src/github/FreeRTOS9-Rpi2B-WeatherServer/build/Drivers/gpio.o
 .debug_frame   0x0000000000000f6c       0xf4 /home/tony/src/github/FreeRTOS9-Rpi2B-WeatherServer/build/FreeRTOS/Source/portable/MemMang/heap_4.o
 .debug_frame   0x0000000000001060      0x260 /home/tony/src/github/FreeRTOS9-Rpi2B-WeatherServer/build/Demo/main.o
 .debug_frame   0x00000000000012c0      0x1d0 /home/tony/src/github/FreeRTOS9-Rpi2B-WeatherServer/build/Demo/onewire.o
 .debug_frame   0x0000000000001490       0x70 /home/tony/src/github/FreeRTOS9-Rpi2B-WeatherServer/build/Demo/ds18b20.o
 .debug_frame   0x0000000000001500       0x50 /home/tony/src/github/FreeRTOS9-Rpi2B-WeatherServer/build/Drivers/mailbox.o
 .debug_frame   0x0000000000001550       0x60 /home/tony/src/github/FreeRTOS9-Rpi2B-WeatherServer/build/Demo/trace.o
 .debug_frame   0x00000000000015b0      0x11c /home/tony/src/github/FreeRTOS9-Rpi2B-WeatherServer/build/Drivers/mem.o
 .debug_frame   0x00000000000016cc      0x154 /home/tony/src/github/FreeRTOS9-Rpi2B-WeatherServer/build/Drivers/video.o
 .debug_frame   0x0000000000001820      0x1a4 /home/tony/src/github/FreeRTOS9-Rpi2B-WeatherServer/build/Drivers/lan9514/uspibind.o
 .debug_frame   0x00000000000019c4      0x270 /home/tony/src/github/FreeRTOS9-Rpi2B-WeatherServer/build/Drivers/lan9514/lib/uspilibrary.o
 .debug_frame   0x0000000000001c34      0x4d4 /home/tony/src/github/FreeRTOS9-Rpi2B-WeatherServer/build/Drivers/lan9514/lib/dwhcidevice.o
 .debug_frame   0x0000000000002108      0x1f0 /home/tony/src/github/FreeRTOS9-Rpi2B-WeatherServer/build/Drivers/lan9514/lib/dwhciregister.o
 .debug_frame   0x00000000000022f8      0x434 /home/tony/src/github/FreeRTOS9-Rpi2B-WeatherServer/build/Drivers/lan9514/lib/dwhcixferstagedata.o
 .debug_frame   0x000000000000272c       0xb4 /home/tony/src/github/FreeRTOS9-Rpi2B-WeatherServer/build/Drivers/lan9514/lib/usbconfigparser.o
 .debug_frame   0x00000000000027e0      0x23c /home/tony/src/github/FreeRTOS9-Rpi2B-WeatherServer/build/Drivers/lan9514/lib/usbdevice.o
 .debug_frame   0x0000000000002a1c       0x54 /home/tony/src/github/FreeRTOS9-Rpi2B-WeatherServer/build/Drivers/lan9514/lib/usbdevicefactory.o
 .debug_frame   0x0000000000002a70      0x1d4 /home/tony/src/github/FreeRTOS9-Rpi2B-WeatherServer/build/Drivers/lan9514/lib/usbendpoint.o
 .debug_frame   0x0000000000002c44      0x190 /home/tony/src/github/FreeRTOS9-Rpi2B-WeatherServer/build/Drivers/lan9514/lib/usbrequest.o
 .debug_frame   0x0000000000002dd4       0xd8 /home/tony/src/github/FreeRTOS9-Rpi2B-WeatherServer/build/Drivers/lan9514/lib/usbstandardhub.o
 .debug_frame   0x0000000000002eac       0xac /home/tony/src/github/FreeRTOS9-Rpi2B-WeatherServer/build/Drivers/lan9514/lib/devicenameservice.o
 .debug_frame   0x0000000000002f58      0x174 /home/tony/src/github/FreeRTOS9-Rpi2B-WeatherServer/build/Drivers/lan9514/lib/macaddress.o
 .debug_frame   0x00000000000030cc      0x160 /home/tony/src/github/FreeRTOS9-Rpi2B-WeatherServer/build/Drivers/lan9514/lib/smsc951x.o
 .debug_frame   0x000000000000322c      0x208 /home/tony/src/github/FreeRTOS9-Rpi2B-WeatherServer/build/Drivers/lan9514/lib/string.o
 .debug_frame   0x0000000000003434      0x170 /home/tony/src/github/FreeRTOS9-Rpi2B-WeatherServer/build/Drivers/lan9514/lib/util.o
 .debug_frame   0x00000000000035a4      0x180 /home/tony/src/github/FreeRTOS9-Rpi2B-WeatherServer/build/Drivers/lan9514/lib/usbmassdevice.o
 .debug_frame   0x0000000000003724       0xf0 /home/tony/src/github/FreeRTOS9-Rpi2B-WeatherServer/build/Drivers/lan9514/lib/dwhciframeschednper.o
 .debug_frame   0x0000000000003814       0xf0 /home/tony/src/github/FreeRTOS9-Rpi2B-WeatherServer/build/Drivers/lan9514/lib/dwhciframeschedper.o
 .debug_frame   0x0000000000003904       0xf4 /home/tony/src/github/FreeRTOS9-Rpi2B-WeatherServer/build/Drivers/lan9514/lib/keymap.o
 .debug_frame   0x00000000000039f8      0x198 /home/tony/src/github/FreeRTOS9-Rpi2B-WeatherServer/build/Drivers/lan9514/lib/usbkeyboard.o
 .debug_frame   0x0000000000003b90       0x74 /home/tony/src/github/FreeRTOS9-Rpi2B-WeatherServer/build/Drivers/lan9514/lib/dwhcirootport.o
 .debug_frame   0x0000000000003c04       0xdc /home/tony/src/github/FreeRTOS9-Rpi2B-WeatherServer/build/Drivers/lan9514/lib/usbmouse.o
 .debug_frame   0x0000000000003ce0       0xf0 /home/tony/src/github/FreeRTOS9-Rpi2B-WeatherServer/build/Drivers/lan9514/lib/dwhciframeschednsplit.o
 .debug_frame   0x0000000000003dd0      0x184 /home/tony/src/github/FreeRTOS9-Rpi2B-WeatherServer/build/Drivers/lan9514/lib/usbgamepad.o
 .debug_frame   0x0000000000003f54       0x5c /home/tony/src/github/FreeRTOS9-Rpi2B-WeatherServer/build/Drivers/lan9514/lib/synchronize.o
 .debug_frame   0x0000000000003fb0       0xe8 /home/tony/src/github/FreeRTOS9-Rpi2B-WeatherServer/build/Drivers/lan9514/lib/usbstring.o
 .debug_frame   0x0000000000004098      0x130 /home/tony/src/github/FreeRTOS9-Rpi2B-WeatherServer/build/Drivers/FreeRTOS-Plus-TCP/FreeRTOS_ARP.o
 .debug_frame   0x00000000000041c8      0x114 /home/tony/src/github/FreeRTOS9-Rpi2B-WeatherServer/build/Drivers/FreeRTOS-Plus-TCP/FreeRTOS_DNS.o
 .debug_frame   0x00000000000042dc      0x538 /home/tony/src/github/FreeRTOS9-Rpi2B-WeatherServer/build/Drivers/FreeRTOS-Plus-TCP/FreeRTOS_IP.o
 .debug_frame   0x0000000000004814      0x6e4 /home/tony/src/github/FreeRTOS9-Rpi2B-WeatherServer/build/Drivers/FreeRTOS-Plus-TCP/FreeRTOS_Sockets.o
 .debug_frame   0x0000000000004ef8      0x110 /home/tony/src/github/FreeRTOS9-Rpi2B-WeatherServer/build/Drivers/FreeRTOS-Plus-TCP/FreeRTOS_Stream_Buffer.o
 .debug_frame   0x0000000000005008      0x564 /home/tony/src/github/FreeRTOS9-Rpi2B-WeatherServer/build/Drivers/FreeRTOS-Plus-TCP/FreeRTOS_TCP_IP.o
 .debug_frame   0x000000000000556c      0x420 /home/tony/src/github/FreeRTOS9-Rpi2B-WeatherServer/build/Drivers/FreeRTOS-Plus-TCP/FreeRTOS_TCP_WIN.o
 .debug_frame   0x000000000000598c       0x54 /home/tony/src/github/FreeRTOS9-Rpi2B-WeatherServer/build/Drivers/FreeRTOS-Plus-TCP/FreeRTOS_UDP_IP.o
 .debug_frame   0x00000000000059e0      0x110 /home/tony/src/github/FreeRTOS9-Rpi2B-WeatherServer/build/Drivers/FreeRTOS-Plus-TCP/portable/BufferManagement/BufferAllocation_2.o
 .debug_frame   0x0000000000005af0       0x90 /home/tony/src/github/FreeRTOS9-Rpi2B-WeatherServer/build/Drivers/FreeRTOS-Plus-TCP/portable/NetworkInterface.o
 .debug_frame   0x0000000000005b80       0x20 /usr/lib/gcc/arm-none-eabi/4.9.3/libgcc.a(_udivsi3.o)
 .debug_frame   0x0000000000005ba0       0x38 /usr/lib/arm-none-eabi/lib/libc.a(lib_a-memcpy.o)

.debug_loc      0x0000000000000000      0x217
 .debug_loc     0x0000000000000000      0x217 /usr/lib/arm-none-eabi/lib/libc.a(lib_a-memcpy.o)

.debug_ranges   0x0000000000000000       0x10
 .debug_ranges  0x0000000000000000       0x10 /usr/lib/arm-none-eabi/lib/libc.a(lib_a-memcpy.o)
